Component: ARM Compiler 5.06 update 7 (build 960) Tool: armlink [4d3601]

==============================================================================

Section Cross References

    startup_stm32f10x_hd.o(RESET) refers to startup_stm32f10x_hd.o(STACK) for __initial_sp
    startup_stm32f10x_hd.o(RESET) refers to startup_stm32f10x_hd.o(.text) for Reset_Handler
    startup_stm32f10x_hd.o(RESET) refers to stm32f10x_it.o(.text) for NMI_Handler
    startup_stm32f10x_hd.o(.text) refers to system_stm32f10x.o(.text) for SystemInit
    startup_stm32f10x_hd.o(.text) refers to entry.o(.ARM.Collect$$$$00000000) for __main
    system_stm32f10x.o(.text) refers to system_stm32f10x.o(.data) for SystemCoreClock
    stm32f10x_adc.o(.text) refers to stm32f10x_rcc.o(.text) for RCC_APB2PeriphResetCmd
    stm32f10x_bkp.o(.text) refers to stm32f10x_rcc.o(.text) for RCC_BackupResetCmd
    stm32f10x_can.o(.text) refers to stm32f10x_rcc.o(.text) for RCC_APB1PeriphResetCmd
    stm32f10x_cec.o(.text) refers to stm32f10x_rcc.o(.text) for RCC_APB1PeriphResetCmd
    stm32f10x_dac.o(.text) refers to stm32f10x_rcc.o(.text) for RCC_APB1PeriphResetCmd
    stm32f10x_gpio.o(.text) refers to stm32f10x_rcc.o(.text) for RCC_APB2PeriphResetCmd
    stm32f10x_i2c.o(.text) refers to stm32f10x_rcc.o(.text) for RCC_APB1PeriphResetCmd
    stm32f10x_pwr.o(.text) refers to stm32f10x_rcc.o(.text) for RCC_APB1PeriphResetCmd
    stm32f10x_rcc.o(.text) refers to stm32f10x_rcc.o(.data) for APBAHBPrescTable
    stm32f10x_spi.o(.text) refers to stm32f10x_rcc.o(.text) for RCC_APB2PeriphResetCmd
    stm32f10x_tim.o(.text) refers to stm32f10x_rcc.o(.text) for RCC_APB2PeriphResetCmd
    stm32f10x_usart.o(.text) refers to stm32f10x_rcc.o(.text) for RCC_APB2PeriphResetCmd
    stm32f10x_wwdg.o(.text) refers to stm32f10x_rcc.o(.text) for RCC_APB1PeriphResetCmd
    main.o(.text) refers to bsp_systick.o(.text) for SysTick_Init
    main.o(.text) refers to bsp_usart.o(.text) for USART_Config
    main.o(.text) refers to bsp_i2c.o(.text) for I2C_Bus_Init
    main.o(.text) refers to mpu6050.o(.text) for MPU6050_Init
    main.o(.text) refers to printfa.o(i.__0printf) for __2printf
    main.o(.text) refers to dmp_test.o(.text) for DMP_test
    main.o(.text) refers to f2d.o(.text) for __aeabi_f2d
    stm32f10x_it.o(.text) refers to bsp_systick.o(.text) for TimingDelay_Decrement
    stm32f10x_it.o(.text) refers to stm32f10x_it.o(.data) for Task_Delay
    bsp_led.o(.text) refers to stm32f10x_rcc.o(.text) for RCC_APB2PeriphClockCmd
    bsp_led.o(.text) refers to stm32f10x_gpio.o(.text) for GPIO_Init
    bsp_systick.o(.text) refers to system_stm32f10x.o(.data) for SystemCoreClock
    bsp_systick.o(.text) refers to bsp_systick.o(.data) for TimingDelay
    mpu6050.o(.text) refers to bsp_i2c.o(.text) for Sensors_I2C_WriteRegister
    mpu6050.o(.text) refers to bsp_systick.o(.text) for mdelay
    mpu6050.o(.text) refers to printfa.o(i.__0printf) for __2printf
    mpu6050.o(.text) refers to memseta.o(.text) for __aeabi_memclr4
    mpu6050.o(.text) refers to mpu6050.o(.bss) for IIC_buf
    mpu6050.o(.text) refers to mpu6050.o(.data) for ax_cl
    bsp_i2c.o(.text) refers to stm32f10x_rcc.o(.text) for RCC_APB2PeriphClockCmd
    bsp_i2c.o(.text) refers to stm32f10x_gpio.o(.text) for GPIO_Init
    bsp_i2c.o(.text) refers to printfa.o(i.__0printf) for __2printf
    bsp_i2c.o(.text) refers to bsp_systick.o(.text) for mdelay
    bsp_i2c.o(.text) refers to bsp_i2c.o(.data) for RETRY_IN_MLSEC
    bsp_usart.o(.text) refers to stm32f10x_rcc.o(.text) for RCC_APB2PeriphClockCmd
    bsp_usart.o(.text) refers to stm32f10x_gpio.o(.text) for GPIO_Init
    bsp_usart.o(.text) refers to stm32f10x_usart.o(.text) for USART_Init
    inv_mpu.o(.text) refers to bsp_i2c.o(.text) for Sensors_I2C_WriteRegister
    inv_mpu.o(.text) refers to bsp_systick.o(.text) for mdelay
    inv_mpu.o(.text) refers to inv_mpu.o(.data) for st
    inv_mpu.o(.text) refers to ffltui.o(.text) for __aeabi_ui2f
    inv_mpu.o(.text) refers to fflti.o(.text) for __aeabi_i2f
    inv_mpu.o(.text) refers to fadd.o(.text) for __aeabi_fsub
    inv_mpu.o(.text) refers to fdiv.o(.text) for __aeabi_fdiv
    inv_mpu.o(.text) refers to fmul.o(.text) for __aeabi_fmul
    inv_mpu.o(.text) refers to ffixi.o(.text) for __aeabi_f2iz
    inv_mpu.o(.text) refers to cfcmple.o(.text) for __aeabi_cfcmpeq
    inv_mpu.o(.text) refers to cfrcmple.o(.text) for __aeabi_cfrcmple
    inv_mpu.o(.text) refers to inv_mpu.o(.constdata) for test
    inv_mpu.o(.text) refers to ldiv.o(.text) for __aeabi_ldivmod
    inv_mpu.o(.text) refers to memcmp.o(.text) for memcmp
    inv_mpu.o(.data) refers to inv_mpu.o(.constdata) for reg
    inv_mpu_dmp_motion_driver.o(.text) refers to inv_mpu.o(.text) for mpu_load_firmware
    inv_mpu_dmp_motion_driver.o(.text) refers to inv_mpu_dmp_motion_driver.o(.constdata) for dmp_memory
    inv_mpu_dmp_motion_driver.o(.text) refers to inv_mpu_dmp_motion_driver.o(.bss) for dmp
[...]
    printf8.o(i.__0snprintf$8) refers to printf8.o(i._printf_core) for _printf_core
    printf8.o(i.__0snprintf$8) refers to printf8.o(i._snputc) for _snputc
    printf8.o(i.__0sprintf$8) refers to printf8.o(i._printf_core) for _printf_core
    printf8.o(i.__0sprintf$8) refers to printf8.o(i._sputc) for _sputc
    printf8.o(i.__0vfprintf$8) refers to printf8.o(i._printf_core) for _printf_core
    printf8.o(i.__0vfprintf$8) refers to bsp_usart.o(.text) for fputc
    printf8.o(i.__0vprintf$8) refers to printf8.o(i._printf_core) for _printf_core
    printf8.o(i.__0vprintf$8) refers to bsp_usart.o(.text) for fputc
    printf8.o(i.__0vprintf$8) refers to stdout.o(.data) for __stdout
    printf8.o(i.__0vsnprintf$8) refers to printf8.o(i._printf_core) for _printf_core
    printf8.o(i.__0vsnprintf$8) refers to printf8.o(i._snputc) for _snputc
    printf8.o(i.__0vsprintf$8) refers to printf8.o(i._printf_core) for _printf_core
    printf8.o(i.__0vsprintf$8) refers to printf8.o(i._sputc) for _sputc
    printf8.o(i._printf_core) refers to printf8.o(i._printf_pre_padding) for _printf_pre_padding
    printf8.o(i._printf_core) refers to uldiv.o(.text) for __aeabi_uldivmod
    printf8.o(i._printf_core) refers to printf8.o(i._printf_post_padding) for _printf_post_padding
    printfa.o(i.__0fprintf) refers (Special) to iusefp.o(.text) for __I$use$fp
    printfa.o(i.__0fprintf) refers to printfa.o(i._printf_core) for _printf_core
    printfa.o(i.__0fprintf) refers to bsp_usart.o(.text) for fputc
    printfa.o(i.__0printf) refers (Special) to iusefp.o(.text) for __I$use$fp
    printfa.o(i.__0printf) refers to printfa.o(i._printf_core) for _printf_core
    printfa.o(i.__0printf) refers to bsp_usart.o(.text) for fputc
    printfa.o(i.__0printf) refers to stdout.o(.data) for __stdout
    printfa.o(i.__0snprintf) refers (Special) to iusefp.o(.text) for __I$use$fp
    printfa.o(i.__0snprintf) refers to printfa.o(i._printf_core) for _printf_core
    printfa.o(i.__0snprintf) refers to printfa.o(i._snputc) for _snputc
    printfa.o(i.__0sprintf) refers (Special) to iusefp.o(.text) for __I$use$fp
    printfa.o(i.__0sprintf) refers to printfa.o(i._printf_core) for _printf_core
    printfa.o(i.__0sprintf) refers to printfa.o(i._sputc) for _sputc
    printfa.o(i.__0vfprintf) refers (Special) to iusefp.o(.text) for __I$use$fp
    printfa.o(i.__0vfprintf) refers to printfa.o(i._printf_core) for _printf_core
    printfa.o(i.__0vfprintf) refers to bsp_usart.o(.text) for fputc
    printfa.o(i.__0vprintf) refers (Special) to iusefp.o(.text) for __I$use$fp
    printfa.o(i.__0vprintf) refers to printfa.o(i._printf_core) for _printf_core
    printfa.o(i.__0vprintf) refers to bsp_usart.o(.text) for fputc
    printfa.o(i.__0vprintf) refers to stdout.o(.data) for __stdout
    printfa.o(i.__0vsnprintf) refers (Special) to iusefp.o(.text) for __I$use$fp
    printfa.o(i.__0vsnprintf) refers to printfa.o(i._printf_core) for _printf_core
    printfa.o(i.__0vsnprintf) refers to printfa.o(i._snputc) for _snputc
    printfa.o(i.__0vsprintf) refers (Special) to iusefp.o(.text) for __I$use$fp
    printfa.o(i.__0vsprintf) refers to printfa.o(i._printf_core) for _printf_core
    printfa.o(i.__0vsprintf) refers to printfa.o(i._sputc) for _sputc
    printfa.o(i._fp_digits) refers (Special) to iusefp.o(.text) for __I$use$fp
    printfa.o(i._fp_digits) refers to dmul.o(.text) for __aeabi_dmul
    printfa.o(i._fp_digits) refers to ddiv.o(.text) for __aeabi_ddiv
    printfa.o(i._fp_digits) refers to cdrcmple.o(.text) for __aeabi_cdrcmple
    printfa.o(i._fp_digits) refers to dadd.o(.text) for __aeabi_dadd
    printfa.o(i._fp_digits) refers to dfixul.o(.text) for __aeabi_d2ulz
    printfa.o(i._fp_digits) refers to uldiv.o(.text) for __aeabi_uldivmod
    printfa.o(i._printf_core) refers (Special) to iusefp.o(.text) for __I$use$fp
    printfa.o(i._printf_core) refers to printfa.o(i._printf_pre_padding) for _printf_pre_padding
    printfa.o(i._printf_core) refers to uldiv.o(.text) for __aeabi_uldivmod
    printfa.o(i._printf_core) refers to printfa.o(i._printf_post_padding) for _printf_post_padding
    printfa.o(i._printf_core) refers to printfa.o(i._fp_digits) for _fp_digits
    printfa.o(i._printf_core) refers to uidiv.o(.text) for __aeabi_uidivmod
    printfa.o(i._printf_post_padding) refers (Special) to iusefp.o(.text) for __I$use$fp
    printfa.o(i._printf_pre_padding) refers (Special) to iusefp.o(.text) for __I$use$fp
    printfa.o(i._snputc) refers (Special) to iusefp.o(.text) for __I$use$fp
    printfa.o(i._sputc) refers (Special) to iusefp.o(.text) for __I$use$fp
    fadd.o(.text) refers (Special) to iusefp.o(.text) for __I$use$fp
    fadd.o(.text) refers to fepilogue.o(.text) for _float_epilogue
    fmul.o(.text) refers (Special) to iusefp.o(.text) for __I$use$fp
    fdiv.o(.text) refers (Special) to iusefp.o(.text) for __I$use$fp
    fdiv.o(.text) refers to fepilogue.o(.text) for _float_round
    dmul.o(.text) refers (Special) to iusefp.o(.text) for __I$use$fp
    dmul.o(.text) refers to depilogue.o(.text) for _double_epilogue
    fflti.o(.text) refers (Special) to iusefp.o(.text) for __I$use$fp
    fflti.o(.text) refers to fepilogue.o(.text) for _float_epilogue
    ffltui.o(.text) refers (Special) to iusefp.o(.text) for __I$use$fp
    ffltui.o(.text) refers to fepilogue.o(.text) for _float_epilogue
    ffixi.o(.text) refers (Special) to iusefp.o(.text) for __I$use$fp
    ffixui.o(.text) refers (Special) to iusefp.o(.text) for __I$use$fp
    f2d.o(.text) refers (Special) to iusefp.o(.text) for __I$use$fp
    d2f.o(.text) refers (Special) to iusefp.o(.text) for __I$use$fp
    d2f.o(.text) refers to fepilogue.o(.text) for _float_round
    cfcmple.o(.text) refers (Special) to iusefp.o(.text) for __I$use$fp
    cfrcmple.o(.text) refers (Special) to iusefp.o(.text) for __I$use$fp
    atan.o(i.__softfp_atan) refers (Special) to iusefp.o(.text) for __I$use$fp
    atan.o(i.__softfp_atan) refers to atan.o(i.atan) for atan
    atan.o(i.atan) refers (Special) to iusefp.o(.text) for __I$use$fp
    atan.o(i.atan) refers to dunder.o(i.__mathlib_dbl_infnan) for __mathlib_dbl_infnan
    atan.o(i.atan) refers to fpclassify.o(i.__ARM_fpclassify) for __ARM_fpclassify
    atan.o(i.atan) refers to dunder.o(i.__mathlib_dbl_underflow) for __mathlib_dbl_underflow
    atan.o(i.atan) refers to dadd.o(.text) for __aeabi_dadd
    atan.o(i.atan) refers to dscalb.o(.text) for __ARM_scalbn
    atan.o(i.atan) refers to ddiv.o(.text) for __aeabi_ddiv
    atan.o(i.atan) refers to dmul.o(.text) for __aeabi_dmul
    atan.o(i.atan) refers to poly.o(i.__kernel_poly) for __kernel_poly
    atan.o(i.atan) refers to atan.o(.constdata) for .constdata
    atan.o(.constdata) refers (Special) to iusefp.o(.text) for __I$use$fp
    atan_x.o(i.____softfp_atan$lsc) refers (Special) to iusefp.o(.text) for __I$use$fp
    atan_x.o(i.____softfp_atan$lsc) refers to atan_x.o(i.__atan$lsc) for __atan$lsc
    atan_x.o(i.__atan$lsc) refers (Special) to iusefp.o(.text) for __I$use$fp
    atan_x.o(i.__atan$lsc) refers to dunder.o(i.__mathlib_dbl_infnan) for __mathlib_dbl_infnan
    atan_x.o(i.__atan$lsc) refers to dadd.o(.text) for __aeabi_dadd
    atan_x.o(i.__atan$lsc) refers to dscalb.o(.text) for __ARM_scalbn
    atan_x.o(i.__atan$lsc) refers to ddiv.o(.text) for __aeabi_ddiv
    atan_x.o(i.__atan$lsc) refers to dmul.o(.text) for __aeabi_dmul
    atan_x.o(i.__atan$lsc) refers to poly.o(i.__kernel_poly) for __kernel_poly
    atan_x.o(i.__atan$lsc) refers to atan_x.o(.constdata) for .constdata
    atan_x.o(.constdata) refers (Special) to iusefp.o(.text) for __I$use$fp
    dunder.o(i.__mathlib_dbl_divzero) refers to ddiv.o(.text) for __aeabi_ddiv
    dunder.o(i.__mathlib_dbl_infnan) refers to dscalb.o(.text) for __ARM_scalbn
    dunder.o(i.__mathlib_dbl_infnan2) refers to dadd.o(.text) for __aeabi_dadd
    dunder.o(i.__mathlib_dbl_invalid) refers to ddiv.o(.text) for __aeabi_ddiv
    dunder.o(i.__mathlib_dbl_overflow) refers to dscalb.o(.text) for __ARM_scalbn
    dunder.o(i.__mathlib_dbl_posinfnan) refers to dmul.o(.text) for __aeabi_dmul
    dunder.o(i.__mathlib_dbl_underflow) refers to dscalb.o(.text) for __ARM_scalbn
    fpclassify.o(i.__ARM_fpclassify) refers (Special) to iusefp.o(.text) for __I$use$fp
    poly.o(i.__kernel_poly) refers (Special) to iusefp.o(.text) for __I$use$fp
    poly.o(i.__kernel_poly) refers to dmul.o(.text) for __aeabi_dmul
    poly.o(i.__kernel_poly) refers to dadd.o(.text) for __aeabi_dadd
    qnan.o(.constdata) refers (Special) to iusefp.o(.text) for __I$use$fp
    sqrt.o(i.__softfp_sqrt) refers (Special) to iusefp.o(.text) for __I$use$fp
    sqrt.o(i.__softfp_sqrt) refers to dsqrt.o(.text) for _dsqrt
    sqrt.o(i.__softfp_sqrt) refers to errno.o(i.__set_errno) for __set_errno
    sqrt.o(i.sqrt) refers (Special) to iusefp.o(.text) for __I$use$fp
    sqrt.o(i.sqrt) refers to dsqrt.o(.text) for _dsqrt
    sqrt.o(i.sqrt) refers to errno.o(i.__set_errno) for __set_errno
    sqrt_x.o(i.____softfp_sqrt$lsc) refers (Special) to iusefp.o(.text) for __I$use$fp
    sqrt_x.o(i.____softfp_sqrt$lsc) refers to cdcmple.o(.text) for __aeabi_cdcmple
    sqrt_x.o(i.____softfp_sqrt$lsc) refers to errno.o(i.__set_errno) for __set_errno
    sqrt_x.o(i.____softfp_sqrt$lsc) refers to dsqrt.o(.text) for _dsqrt
    sqrt_x.o(i.__sqrt$lsc) refers (Special) to iusefp.o(.text) for __I$use$fp
    sqrt_x.o(i.__sqrt$lsc) refers to cdcmple.o(.text) for __aeabi_cdcmple
    sqrt_x.o(i.__sqrt$lsc) refers to errno.o(i.__set_errno) for __set_errno
    sqrt_x.o(i.__sqrt$lsc) refers to dsqrt.o(.text) for _dsqrt
    entry2.o(.ARM.Collect$$$$00000001) refers to entry2.o(.ARM.Collect$$$$00002712) for __lit__00000000
    entry2.o(.ARM.Collect$$$$00002712) refers to startup_stm32f10x_hd.o(STACK) for __initial_sp
    entry2.o(__vectab_stack_and_reset_area) refers to startup_stm32f10x_hd.o(STACK) for __initial_sp
    entry2.o(__vectab_stack_and_reset_area) refers to entry.o(.ARM.Collect$$$$00000000) for __main
    entry5.o(.ARM.Collect$$$$00000004) refers to init.o(.text) for __scatterload
    entry9a.o(.ARM.Collect$$$$0000000B) refers to main.o(.text) for main
    entry9b.o(.ARM.Collect$$$$0000000C) refers to main.o(.text) for main
    uldiv.o(.text) refers to llushr.o(.text) for __aeabi_llsr
    uldiv.o(.text) refers to llshl.o(.text) for __aeabi_llsl
    errno.o(i.__aeabi_errno_addr) refers to errno.o(.data) for .data
    errno.o(i.__read_errno) refers to errno.o(.data) for .data
    errno.o(i.__set_errno) refers to errno.o(.data) for .data
    depilogue.o(.text) refers to llshl.o(.text) for __aeabi_llsl
    depilogue.o(.text) refers to llushr.o(.text) for __aeabi_llsr
    dadd.o(.text) refers to llshl.o(.text) for __aeabi_llsl
    dadd.o(.text) refers to llsshr.o(.text) for __aeabi_lasr
    dadd.o(.text) refers to depilogue.o(.text) for _double_epilogue
    ddiv.o(.text) refers to depilogue.o(.text) for _double_round
    dfixul.o(.text) refers to llushr.o(.text) for __aeabi_llsr
    dfixul.o(.text) refers to llshl.o(.text) for __aeabi_llsl
    init.o(.text) refers to entry5.o(.ARM.Collect$$$$00000004) for __main_after_scatterload
    dsqrt.o(.text) refers to llushr.o(.text) for __aeabi_llsr
    dsqrt.o(.text) refers to depilogue.o(.text) for _double_round


==============================================================================

Removing Unused input sections from the image.

    Removing startup_stm32f10x_hd.o(HEAP), (512 bytes).
    Removing core_cm3.o(.emb_text), (32 bytes).
    Removing misc.o(.text), (220 bytes).
    Removing stm32f10x_adc.o(.text), (1102 bytes).
    Removing stm32f10x_bkp.o(.text), (196 bytes).
    Removing stm32f10x_can.o(.text), (2544 bytes).
    Removing stm32f10x_cec.o(.text), (288 bytes).
    Removing stm32f10x_crc.o(.text), (72 bytes).
    Removing stm32f10x_dac.o(.text), (396 bytes).
    Removing stm32f10x_dbgmcu.o(.text), (48 bytes).
    Removing stm32f10x_dma.o(.text), (596 bytes).
    Removing stm32f10x_exti.o(.text), (284 bytes).
    Removing stm32f10x_flash.o(.text), (1468 bytes).
    Removing stm32f10x_fsmc.o(.text), (1548 bytes).
    Removing stm32f10x_i2c.o(.text), (1028 bytes).
    Removing stm32f10x_iwdg.o(.text), (64 bytes).
    Removing stm32f10x_pwr.o(.text), (204 bytes).
    Removing stm32f10x_rtc.o(.text), (328 bytes).
    Removing stm32f10x_sdio.o(.text), (468 bytes).
    Removing stm32f10x_spi.o(.text), (780 bytes).
    Removing stm32f10x_tim.o(.text), (3610 bytes).
    Removing stm32f10x_wwdg.o(.text), (136 bytes).
    Removing bsp_led.o(.text), (96 bytes).
    Removing mpu6050.o(.constdata), (2 bytes).

24 unused section(s) (total 16022 bytes) removed from the image.

==============================================================================

Image Symbol Table

    Local Symbols

    Symbol Name                              Value     Ov Type        Size  Object(Section)

    ../clib/microlib/division.c              0x00000000   Number         0  uldiv.o ABSOLUTE
    ../clib/microlib/division.c              0x00000000   Number         0  uidiv.o ABSOLUTE
    ../clib/microlib/division.c              0x00000000   Number         0  ldiv.o ABSOLUTE
    ../clib/microlib/errno.c                 0x00000000   Number         0  errno.o ABSOLUTE
    ../clib/microlib/init/entry.s            0x00000000   Number         0  entry10a.o ABSOLUTE
    ../clib/microlib/init/entry.s            0x00000000   Number         0  entry.o ABSOLUTE
    ../clib/microlib/init/entry.s            0x00000000   Number         0  entry9b.o ABSOLUTE
    ../clib/microlib/init/entry.s            0x00000000   Number         0  entry9a.o ABSOLUTE
    ../clib/microlib/init/entry.s            0x00000000   Number         0  entry8b.o ABSOLUTE
    ../clib/microlib/init/entry.s            0x00000000   Number         0  entry8a.o ABSOLUTE
    ../clib/microlib/init/entry.s            0x00000000   Number         0  entry7b.o ABSOLUTE
    ../clib/microlib/init/entry.s            0x00000000   Number         0  entry2.o ABSOLUTE
    ../clib/microlib/init/entry.s            0x00000000   Number         0  entry5.o ABSOLUTE
    ../clib/microlib/init/entry.s            0x00000000   Number         0  entry7a.o ABSOLUTE
    ../clib/microlib/init/entry.s            0x00000000   Number         0  entry12b.o ABSOLUTE
    ../clib/microlib/init/entry.s            0x00000000   Number         0  entry12a.o ABSOLUTE
    ../clib/microlib/init/entry.s            0x00000000   Number         0  entry11b.o ABSOLUTE
    ../clib/microlib/init/entry.s            0x00000000   Number         0  entry11a.o ABSOLUTE
    ../clib/microlib/init/entry.s            0x00000000   Number         0  entry10b.o ABSOLUTE
    ../clib/microlib/longlong.c              0x00000000   Number         0  llshl.o ABSOLUTE
    ../clib/microlib/longlong.c              0x00000000   Number         0  llsshr.o ABSOLUTE
    ../clib/microlib/longlong.c              0x00000000   Number         0  llushr.o ABSOLUTE
    ../clib/microlib/printf/printf.c         0x00000000   Number         0  printf4.o ABSOLUTE
    ../clib/microlib/printf/printf.c         0x00000000   Number         0  printfb.o ABSOLUTE
    ../clib/microlib/printf/printf.c         0x00000000   Number         0  printf0.o ABSOLUTE
    ../clib/microlib/printf/printf.c         0x00000000   Number         0  printf1.o ABSOLUTE
    ../clib/microlib/printf/printf.c         0x00000000   Number         0  printf2.o ABSOLUTE
    ../clib/microlib/printf/printf.c         0x00000000   Number         0  printf5.o ABSOLUTE
    ../clib/microlib/printf/printf.c         0x00000000   Number         0  printf6.o ABSOLUTE
    ../clib/microlib/printf/printf.c         0x00000000   Number         0  printf7.o ABSOLUTE
    ../clib/microlib/printf/printf.c         0x00000000   Number         0  printf8.o ABSOLUTE
    ../clib/microlib/printf/printf.c         0x00000000   Number         0  printfa.o ABSOLUTE
    ../clib/microlib/printf/printf.c         0x00000000   Number         0  printf3.o ABSOLUTE
    ../clib/microlib/printf/stubs.s          0x00000000   Number         0  stubs.o ABSOLUTE
    ../clib/microlib/stdio/streams.c         0x00000000   Number         0  stdout.o ABSOLUTE
    ../clib/microlib/string/memcmp.c         0x00000000   Number         0  memcmp.o ABSOLUTE
    ../clib/microlib/string/memset.c         0x00000000   Number         0  memseta.o ABSOLUTE
    ../clib/microlib/stubs.s                 0x00000000   Number         0  iusefp.o ABSOLUTE
    ../fplib/microlib/d2f.c                  0x00000000   Number         0  d2f.o ABSOLUTE
    ../fplib/microlib/f2d.c                  0x00000000   Number         0  f2d.o ABSOLUTE
    ../fplib/microlib/fpadd.c                0x00000000   Number         0  dadd.o ABSOLUTE
    ../fplib/microlib/fpadd.c                0x00000000   Number         0  fadd.o ABSOLUTE
    ../fplib/microlib/fpdiv.c                0x00000000   Number         0  ddiv.o ABSOLUTE
    ../fplib/microlib/fpdiv.c                0x00000000   Number         0  fdiv.o ABSOLUTE
    ../fplib/microlib/fpepilogue.c           0x00000000   Number         0  fepilogue.o ABSOLUTE
    ../fplib/microlib/fpepilogue.c           0x00000000   Number         0  depilogue.o ABSOLUTE
    ../fplib/microlib/fpfix.c                0x00000000   Number         0  dfixul.o ABSOLUTE
    ../fplib/microlib/fpfix.c                0x00000000   Number         0  ffixi.o ABSOLUTE
    ../fplib/microlib/fpfix.c                0x00000000   Number         0  ffixui.o ABSOLUTE
    ../fplib/microlib/fpflt.c                0x00000000   Number         0  ffltui.o ABSOLUTE
    ../fplib/microlib/fpflt.c                0x00000000   Number         0  fflti.o ABSOLUTE
    ../fplib/microlib/fpmul.c                0x00000000   Number         0  fmul.o ABSOLUTE
    ../fplib/microlib/fpmul.c                0x00000000   Number         0  dmul.o ABSOLUTE
    ../fplib/microlib/fpscalb.c              0x00000000   Number         0  dscalb.o ABSOLUTE
    ../fplib/microlib/fpsqrt.c               0x00000000   Number         0  dsqrt.o ABSOLUTE
    ../mathlib/asin.c                        0x00000000   Number         0  asin_x.o ABSOLUTE
    ../mathlib/asin.c                        0x00000000   Number         0  asin.o ABSOLUTE
    ../mathlib/atan.c                        0x00000000   Number         0  atan.o ABSOLUTE
    ../mathlib/atan.c                        0x00000000   Number         0  atan_x.o ABSOLUTE
    ../mathlib/atan2.c                       0x00000000   Number         0  atan2_x.o ABSOLUTE
    ../mathlib/atan2.c                       0x00000000   Number         0  atan2.o ABSOLUTE
    ../mathlib/dunder.c                      0x00000000   Number         0  dunder.o ABSOLUTE
    ../mathlib/fpclassify.c                  0x00000000   Number         0  fpclassify.o ABSOLUTE
    ../mathlib/poly.c                        0x00000000   Number         0  poly.o ABSOLUTE
    ../mathlib/qnan.c                        0x00000000   Number         0  qnan.o ABSOLUTE
    ../mathlib/sqrt.c                        0x00000000   Number         0  sqrt.o ABSOLUTE
    ../mathlib/sqrt.c                        0x00000000   Number         0  sqrt_x.o ABSOLUTE
    ..\..\Libraries\CMSIS\core_cm3.c         0x00000000   Number         0  core_cm3.o ABSOLUTE
    ..\..\Libraries\CMSIS\startup\startup_stm32f10x_hd.s 0x00000000   Number         0  startup_stm32f10x_hd.o ABSOLUTE
    ..\..\Libraries\CMSIS\system_stm32f10x.c 0x00000000   Number         0  system_stm32f10x.o ABSOLUTE
    ..\..\Libraries\FWlib\src\misc.c         0x00000000   Number         0  misc.o ABSOLUTE
    ..\..\Libraries\FWlib\src\stm32f10x_adc.c 0x00000000   Number         0  stm32f10x_adc.o ABSOLUTE
    ..\..\Libraries\FWlib\src\stm32f10x_bkp.c 0x00000000   Number         0  stm32f10x_bkp.o ABSOLUTE
    ..\..\Libraries\FWlib\src\stm32f10x_can.c 0x00000000   Number         0  stm32f10x_can.o ABSOLUTE
    ..\..\Libraries\FWlib\src\stm32f10x_cec.c 0x00000000   Number         0  stm32f10x_cec.o ABSOLUTE
    ..\..\Libraries\FWlib\src\stm32f10x_crc.c 0x00000000   Number         0  stm32f10x_crc.o ABSOLUTE
    ..\..\Libraries\FWlib\src\stm32f10x_dac.c 0x00000000   Number         0  stm32f10x_dac.o ABSOLUTE
    ..\..\Libraries\FWlib\src\stm32f10x_dbgmcu.c 0x00000000   Number         0  stm32f10x_dbgmcu.o ABSOLUTE
    ..\..\Libraries\FWlib\src\stm32f10x_dma.c 0x00000000   Number         0  stm32f10x_dma.o ABSOLUTE
    ..\..\Libraries\FWlib\src\stm32f10x_exti.c 0x00000000   Number         0  stm32f10x_exti.o ABSOLUTE
    ..\..\Libraries\FWlib\src\stm32f10x_flash.c 0x00000000   Number         0  stm32f10x_flash.o ABSOLUTE
    ..\..\Libraries\FWlib\src\stm32f10x_fsmc.c 0x00000000   Number         0  stm32f10x_fsmc.o ABSOLUTE
    ..\..\Libraries\FWlib\src\stm32f10x_gpio.c 0x00000000   Number         0  stm32f10x_gpio.o ABSOLUTE
    ..\..\Libraries\FWlib\src\stm32f10x_i2c.c 0x00000000   Number         0  stm32f10x_i2c.o ABSOLUTE
    ..\..\Libraries\FWlib\src\stm32f10x_iwdg.c 0x00000000   Number         0  stm32f10x_iwdg.o ABSOLUTE
    ..\..\Libraries\FWlib\src\stm32f10x_pwr.c 0x00000000   Number         0  stm32f10x_pwr.o ABSOLUTE
    ..\..\Libraries\FWlib\src\stm32f10x_rcc.c 0x00000000   Number         0  stm32f10x_rcc.o ABSOLUTE
    ..\..\Libraries\FWlib\src\stm32f10x_rtc.c 0x00000000   Number         0  stm32f10x_rtc.o ABSOLUTE
    ..\..\Libraries\FWlib\src\stm32f10x_sdio.c 0x00000000   Number         0  stm32f10x_sdio.o ABSOLUTE
    ..\..\Libraries\FWlib\src\stm32f10x_spi.c 0x00000000   Number         0  stm32f10x_spi.o ABSOLUTE
    ..\..\Libraries\FWlib\src\stm32f10x_tim.c 0x00000000   Number         0  stm32f10x_tim.o ABSOLUTE
    ..\..\Libraries\FWlib\src\stm32f10x_usart.c 0x00000000   Number         0  stm32f10x_usart.o ABSOLUTE
    ..\..\Libraries\FWlib\src\stm32f10x_wwdg.c 0x00000000   Number         0  stm32f10x_wwdg.o ABSOLUTE
    ..\..\User\Kalman\Kalman.c               0x00000000   Number         0  kalman.o ABSOLUTE
    ..\..\User\Led\bsp_led.c                 0x00000000   Number         0  bsp_led.o ABSOLUTE
    ..\..\User\SysTick\bsp_SysTick.c         0x00000000   Number         0  bsp_systick.o ABSOLUTE
    ..\..\User\i2c\bsp_i2c.c                 0x00000000   Number         0  bsp_i2c.o ABSOLUTE
    ..\..\User\main.c                        0x00000000   Number         0  main.o ABSOLUTE
    ..\..\User\mpu6050\DMP\DMP_test.c        0x00000000   Number         0  dmp_test.o ABSOLUTE
    ..\..\User\mpu6050\DMP\inv_mpu.c         0x00000000   Number         0  inv_mpu.o ABSOLUTE
    ..\..\User\mpu6050\DMP\inv_mpu_dmp_motion_driver.c 0x00000000   Number         0  inv_mpu_dmp_motion_driver.o ABSOLUTE
    ..\..\User\mpu6050\mpu6050.c             0x00000000   Number         0  mpu6050.o ABSOLUTE
    ..\..\User\stm32f10x_it.c                0x00000000   Number         0  stm32f10x_it.o ABSOLUTE
    ..\..\User\usart\bsp_usart.c             0x00000000   Number         0  bsp_usart.o ABSOLUTE
    ..\\..\\Libraries\\CMSIS\\core_cm3.c     0x00000000   Number         0  core_cm3.o ABSOLUTE
    cdcmple.s                                0x00000000   Number         0  cdcmple.o ABSOLUTE
    cdrcmple.s                               0x00000000   Number         0  cdrcmple.o ABSOLUTE
    cfcmple.s                                0x00000000   Number         0  cfcmple.o ABSOLUTE
    cfrcmple.s                               0x00000000   Number         0  cfrcmple.o ABSOLUTE
    dc.s                                     0x00000000   Number         0  dc.o ABSOLUTE
    handlers.s                               0x00000000   Number         0  handlers.o ABSOLUTE
    init.s                                   0x00000000   Number         0  init.o ABSOLUTE
    RESET                                    0x08000000   Section      304  startup_stm32f10x_hd.o(RESET)
    .ARM.Collect$$$$00000000                 0x08000130   Section        0  entry.o(.ARM.Collect$$$$00000000)
    .ARM.Collect$$$$00000001                 0x08000130   Section        4  entry2.o(.ARM.Collect$$$$00000001)
    .ARM.Collect$$$$00000004                 0x08000134   Section        4  entry5.o(.ARM.Collect$$$$00000004)
    .ARM.Collect$$$$00000008                 0x08000138   Section        0  entry7b.o(.ARM.Collect$$$$00000008)
    .ARM.Collect$$$$0000000A                 0x08000138   Section        0  entry8b.o(.ARM.Collect$$$$0000000A)
    .ARM.Collect$$$$0000000B                 0x08000138   Section        8  entry9a.o(.ARM.Collect$$$$0000000B)
    .ARM.Collect$$$$0000000E                 0x08000140   Section        4  entry12b.o(.ARM.Collect$$$$0000000E)
    .ARM.Collect$$$$0000000F                 0x08000144   Section        0  entry10a.o(.ARM.Collect$$$$0000000F)
    .ARM.Collect$$$$00000011                 0x08000144   Section        0  entry11a.o(.ARM.Collect$$$$00000011)
    .ARM.Collect$$$$00002712                 0x08000144   Section        4  entry2.o(.ARM.Collect$$$$00002712)
    __lit__00000000                          0x08000144   Data           4  entry2.o(.ARM.Collect$$$$00002712)
    .text                                    0x08000148   Section       36  startup_stm32f10x_hd.o(.text)
    .text                                    0x0800016c   Section        0  system_stm32f10x.o(.text)
    SetSysClockTo72                          0x0800016d   Thumb Code   214  system_stm32f10x.o(.text)
    SetSysClock                              0x08000243   Thumb Code     8  system_stm32f10x.o(.text)
    .text                                    0x0800034c   Section        0  stm32f10x_gpio.o(.text)
    .text                                    0x080006a8   Section        0  stm32f10x_rcc.o(.text)
    .text                                    0x08000a4c   Section        0  stm32f10x_usart.o(.text)
    .text                                    0x08000e54   Section        0  main.o(.text)
    .text                                    0x08000f04   Section        0  stm32f10x_it.o(.text)
    .text                                    0x08000f50   Section        0  bsp_systick.o(.text)
    .text                                    0x0800100c   Section        0  mpu6050.o(.text)
    .text                                    0x08001250   Section        0  bsp_i2c.o(.text)
    Soft_I2C_Delay                           0x08001251   Thumb Code    10  bsp_i2c.o(.text)
    Soft_I2C_Configuration                   0x0800125b   Thumb Code    72  bsp_i2c.o(.text)
    Soft_I2C_STOP                            0x080012bb   Thumb Code    52  bsp_i2c.o(.text)
    Soft_I2C_SendByte                        0x08001341   Thumb Code   102  bsp_i2c.o(.text)
    Soft_I2C_START                           0x080013a7   Thumb Code   102  bsp_i2c.o(.text)
    Soft_DMP_I2C_Write                       0x0800140d   Thumb Code    90  bsp_i2c.o(.text)
    Soft_I2C_SendACK                         0x080014b9   Thumb Code    52  bsp_i2c.o(.text)
    Soft_I2C_ReceiveByte_WithACK             0x080014ed   Thumb Code    96  bsp_i2c.o(.text)
    Soft_I2C_SendNACK                        0x0800154d   Thumb Code    52  bsp_i2c.o(.text)
    Soft_I2C_ReceiveByte                     0x08001581   Thumb Code    96  bsp_i2c.o(.text)
    Soft_DMP_I2C_Read                        0x080015e1   Thumb Code   114  bsp_i2c.o(.text)
    .text                                    0x080016b8   Section        0  bsp_usart.o(.text)
    .text                                    0x08001774   Section        0  inv_mpu.o(.text)
    set_int_enable                           0x08001775   Thumb Code   138  inv_mpu.o(.text)
    get_accel_prod_shift                     0x08002979   Thumb Code   168  inv_mpu.o(.text)
    accel_self_test                          0x08002a21   Thumb Code   180  inv_mpu.o(.text)
    gyro_self_test                           0x08002ad5   Thumb Code   296  inv_mpu.o(.text)
    get_st_biases                            0x08002bfd   Thumb Code  1132  inv_mpu.o(.text)
    setup_compass                            0x080033c7   Thumb Code     6  inv_mpu.o(.text)
    .text                                    0x080035e0   Section        0  inv_mpu_dmp_motion_driver.o(.text)
    decode_gesture                           0x08004095   Thumb Code    94  inv_mpu_dmp_motion_driver.o(.text)
    .text                                    0x08004350   Section        0  dmp_test.o(.text)
    .text                                    0x08004780   Section        0  ldiv.o(.text)
    .text                                    0x080047e2   Section        0  memseta.o(.text)
    .text                                    0x08004806   Section        0  memcmp.o(.text)
    .text                                    0x08004820   Section        0  fadd.o(.text)
    .text                                    0x080048d0   Section        0  fmul.o(.text)
    .text                                    0x08004934   Section        0  fdiv.o(.text)
    .text                                    0x080049b0   Section        0  dmul.o(.text)
    .text                                    0x08004a94   Section        0  fflti.o(.text)
    .text                                    0x08004aa6   Section        0  ffltui.o(.text)
    .text                                    0x08004ab0   Section        0  ffixi.o(.text)
    .text                                    0x08004ae2   Section        0  ffixui.o(.text)
    .text                                    0x08004b0a   Section        0  f2d.o(.text)
    .text                                    0x08004b30   Section        0  d2f.o(.text)
    .text                                    0x08004b68   Section       20  cfcmple.o(.text)
    .text                                    0x08004b7c   Section       20  cfrcmple.o(.text)
    .text                                    0x08004b90   Section        0  uidiv.o(.text)
    .text                                    0x08004bbc   Section        0  uldiv.o(.text)
    .text                                    0x08004c1e   Section        0  iusefp.o(.text)
    .text                                    0x08004c1e   Section        0  fepilogue.o(.text)
    .text                                    0x08004c8c   Section        0  depilogue.o(.text)
    .text                                    0x08004d46   Section        0  dadd.o(.text)
    .text                                    0x08004e94   Section        0  ddiv.o(.text)
    .text                                    0x08004f72   Section        0  dscalb.o(.text)
    .text                                    0x08004fa0   Section        0  dfixul.o(.text)
    .text                                    0x08004fd0   Section       48  cdcmple.o(.text)
    .text                                    0x08005000   Section       48  cdrcmple.o(.text)
    .text                                    0x08005030   Section       36  init.o(.text)
    .text                                    0x08005054   Section        0  llshl.o(.text)
    .text                                    0x08005072   Section        0  llushr.o(.text)
    .text                                    0x08005092   Section        0  llsshr.o(.text)
    .text                                    0x080050b6   Section        0  dsqrt.o(.text)
    i.__0printf                              0x08005158   Section        0  printfa.o(i.__0printf)
    i.__ARM_fpclassify                       0x08005178   Section        0  fpclassify.o(i.__ARM_fpclassify)
    i.__kernel_poly                          0x080051a0   Section        0  poly.o(i.__kernel_poly)
    i.__mathlib_dbl_infnan                   0x0800524a   Section        0  dunder.o(i.__mathlib_dbl_infnan)
    i.__mathlib_dbl_infnan2                  0x08005250   Section        0  dunder.o(i.__mathlib_dbl_infnan2)
    i.__mathlib_dbl_invalid                  0x08005254   Section        0  dunder.o(i.__mathlib_dbl_invalid)
    i.__mathlib_dbl_underflow                0x08005260   Section        0  dunder.o(i.__mathlib_dbl_underflow)
    i.__scatterload_copy                     0x08005270   Section       14  handlers.o(i.__scatterload_copy)
    i.__scatterload_null                     0x0800527e   Section        2  handlers.o(i.__scatterload_null)
    i.__scatterload_zeroinit                 0x08005280   Section       14  handlers.o(i.__scatterload_zeroinit)
    i.__set_errno                            0x08005290   Section        0  errno.o(i.__set_errno)
    i._fp_digits                             0x0800529c   Section        0  printfa.o(i._fp_digits)
    _fp_digits                               0x0800529d   Thumb Code   366  printfa.o(i._fp_digits)
    i._printf_core                           0x08005420   Section        0  printfa.o(i._printf_core)
    _printf_core                             0x08005421   Thumb Code  1704  printfa.o(i._printf_core)
    i._printf_post_padding                   0x08005ad4   Section        0  printfa.o(i._printf_post_padding)
    _printf_post_padding                     0x08005ad5   Thumb Code    36  printfa.o(i._printf_post_padding)
    i._printf_pre_padding                    0x08005af8   Section        0  printfa.o(i._printf_pre_padding)
    _printf_pre_padding                      0x08005af9   Thumb Code    46  printfa.o(i._printf_pre_padding)
    i.asin                                   0x08005b28   Section        0  asin.o(i.asin)
    i.atan                                   0x08005d98   Section        0  atan.o(i.atan)
    i.atan2                                  0x08005fb8   Section        0  atan2.o(i.atan2)
    i.sqrt                                   0x08006154   Section        0  sqrt.o(i.sqrt)
    .constdata                               0x080061a0   Section       84  inv_mpu.o(.constdata)
    .constdata                               0x080061f4   Section     3062  inv_mpu_dmp_motion_driver.o(.constdata)
    dmp_memory                               0x080061f4   Data        3062  inv_mpu_dmp_motion_driver.o(.constdata)
    .constdata                               0x08006df0   Section       80  asin.o(.constdata)
    pS                                       0x08006df0   Data          48  asin.o(.constdata)
    qS                                       0x08006e20   Data          32  asin.o(.constdata)
    .constdata                               0x08006e40   Section      152  atan.o(.constdata)
    atanhi                                   0x08006e40   Data          32  atan.o(.constdata)
    atanlo                                   0x08006e60   Data          32  atan.o(.constdata)
    aTodd                                    0x08006e80   Data          40  atan.o(.constdata)
    aTeven                                   0x08006ea8   Data          48  atan.o(.constdata)
    .constdata                               0x08006ed8   Section        8  qnan.o(.constdata)
    .data                                    0x20000000   Section       20  system_stm32f10x.o(.data)
    .data                                    0x20000014   Section       20  stm32f10x_rcc.o(.data)
    APBAHBPrescTable                         0x20000014   Data          16  stm32f10x_rcc.o(.data)
    ADCPrescTable                            0x20000024   Data           4  stm32f10x_rcc.o(.data)
    .data                                    0x20000028   Section        8  stm32f10x_it.o(.data)
    .data                                    0x20000030   Section        8  bsp_systick.o(.data)
    TimingDelay                              0x20000034   Data           4  bsp_systick.o(.data)
    .data                                    0x20000038   Section       24  mpu6050.o(.data)
    ax                                       0x20000038   Data           2  mpu6050.o(.data)
    ay                                       0x2000003a   Data           2  mpu6050.o(.data)
    az                                       0x2000003c   Data           2  mpu6050.o(.data)
    gx                                       0x2000003e   Data           2  mpu6050.o(.data)
    gy                                       0x20000040   Data           2  mpu6050.o(.data)
    gz                                       0x20000042   Data           2  mpu6050.o(.data)
    ax_cl                                    0x20000044   Data           2  mpu6050.o(.data)
    ay_cl                                    0x20000046   Data           2  mpu6050.o(.data)
    az_cl                                    0x20000048   Data           2  mpu6050.o(.data)
    gx_cl                                    0x2000004a   Data           2  mpu6050.o(.data)
    gy_cl                                    0x2000004c   Data           2  mpu6050.o(.data)
    gz_cl                                    0x2000004e   Data           2  mpu6050.o(.data)
    .data                                    0x20000050   Section        6  bsp_i2c.o(.data)
    I2CTimeout                               0x20000050   Data           4  bsp_i2c.o(.data)
    RETRY_IN_MLSEC                           0x20000054   Data           2  bsp_i2c.o(.data)
    .data                                    0x20000058   Section       44  inv_mpu.o(.data)
    st                                       0x20000058   Data          44  inv_mpu.o(.data)
    .data                                    0x20000084   Section        9  dmp_test.o(.data)
    gyro_orientation                         0x20000084   Data           9  dmp_test.o(.data)
    .data                                    0x20000090   Section        4  stdout.o(.data)
    .data                                    0x20000094   Section        4  errno.o(.data)
    _errno                                   0x20000094   Data           4  errno.o(.data)
    .bss                                     0x20000098   Section       14  mpu6050.o(.bss)
    .bss                                     0x200000a8   Section       16  inv_mpu_dmp_motion_driver.o(.bss)
    dmp                                      0x200000a8   Data          16  inv_mpu_dmp_motion_driver.o(.bss)
    STACK                                    0x200000b8   Section     1024  startup_stm32f10x_hd.o(STACK)

    Global Symbols

    Symbol Name                              Value     Ov Type        Size  Object(Section)

    BuildAttributes$$THM_ISAv4$P$D$K$B$S$PE$A:L22UL41UL21$X:L11$S22US41US21$IEEE1$IW$USESV6$~STKCKD$USESV7$~SHL$OTIME$ROPI$IEEEX$EBA8$MICROLIB$REQ8$PRES8$EABIv2 0x00000000   Number         0  anon$$obj.o ABSOLUTE
    __ARM_use_no_argv                        0x00000000   Number         0  main.o ABSOLUTE
    _printf_a                                0x00000000   Number         0  stubs.o ABSOLUTE
    _printf_c                                0x00000000   Number         0  stubs.o ABSOLUTE
    _printf_charcount                        0x00000000   Number         0  stubs.o ABSOLUTE
    _printf_d                                0x00000000   Number         0  stubs.o ABSOLUTE
    _printf_e                                0x00000000   Number         0  stubs.o ABSOLUTE
    _printf_f                                0x00000000   Number         0  stubs.o ABSOLUTE
    _printf_flags                            0x00000000   Number         0  stubs.o ABSOLUTE
    _printf_fp_dec                           0x00000000   Number         0  stubs.o ABSOLUTE
    _printf_fp_hex                           0x00000000   Number         0  stubs.o ABSOLUTE
    _printf_g                                0x00000000   Number         0  stubs.o ABSOLUTE
    _printf_i                                0x00000000   Number         0  stubs.o ABSOLUTE
    _printf_int_dec                          0x00000000   Number         0  stubs.o ABSOLUTE
    _printf_l                                0x00000000   Number         0  stubs.o ABSOLUTE
    _printf_lc                               0x00000000   Number         0  stubs.o ABSOLUTE
    _printf_ll                               0x00000000   Number         0  stubs.o ABSOLUTE
    _printf_lld                              0x00000000   Number         0  stubs.o ABSOLUTE
    _printf_lli                              0x00000000   Number         0  stubs.o ABSOLUTE
    _printf_llo                              0x00000000   Number         0  stubs.o ABSOLUTE
    _printf_llu                              0x00000000   Number         0  stubs.o ABSOLUTE
    _printf_llx                              0x00000000   Number         0  stubs.o ABSOLUTE
    _printf_longlong_dec                     0x00000000   Number         0  stubs.o ABSOLUTE
    _printf_longlong_hex                     0x00000000   Number         0  stubs.o ABSOLUTE
    _printf_longlong_oct                     0x00000000   Number         0  stubs.o ABSOLUTE
    _printf_ls                               0x00000000   Number         0  stubs.o ABSOLUTE
    _printf_mbtowc                           0x00000000   Number         0  stubs.o ABSOLUTE
    _printf_n                                0x00000000   Number         0  stubs.o ABSOLUTE
    _printf_o                                0x00000000   Number         0  stubs.o ABSOLUTE
    _printf_p                                0x00000000   Number         0  stubs.o ABSOLUTE
    _printf_percent                          0x00000000   Number         0  stubs.o ABSOLUTE
    _printf_pre_padding                      0x00000000   Number         0  stubs.o ABSOLUTE
    _printf_return_value                     0x00000000   Number         0  stubs.o ABSOLUTE
    _printf_s                                0x00000000   Number         0  stubs.o ABSOLUTE
    _printf_sizespec                         0x00000000   Number         0  stubs.o ABSOLUTE
    _printf_str                              0x00000000   Number         0  stubs.o ABSOLUTE
    _printf_truncate_signed                  0x00000000   Number         0  stubs.o ABSOLUTE
    _printf_truncate_unsigned                0x00000000   Number         0  stubs.o ABSOLUTE
    _printf_u                                0x00000000   Number         0  stubs.o ABSOLUTE
    _printf_wc                               0x00000000   Number         0  stubs.o ABSOLUTE
    _printf_wctomb                           0x00000000   Number         0  stubs.o ABSOLUTE
    _printf_widthprec                        0x00000000   Number         0  stubs.o ABSOLUTE
    _printf_x                                0x00000000   Number         0  stubs.o ABSOLUTE
    __arm_fini_                               - Undefined Weak Reference
    __cpp_initialize__aeabi_                  - Undefined Weak Reference
    __cxa_finalize                            - Undefined Weak Reference
    __decompress                              - Undefined Weak Reference
    _clock_init                               - Undefined Weak Reference
    _microlib_exit                            - Undefined Weak Reference
    __Vectors_Size                           0x00000130   Number         0  startup_stm32f10x_hd.o ABSOLUTE
    __Vectors                                0x08000000   Data           4  startup_stm32f10x_hd.o(RESET)
    __Vectors_End                            0x08000130   Data           0  startup_stm32f10x_hd.o(RESET)
    __main                                   0x08000131   Thumb Code     0  entry.o(.ARM.Collect$$$$00000000)
    _main_stk                                0x08000131   Thumb Code     0  entry2.o(.ARM.Collect$$$$00000001)
    _main_scatterload                        0x08000135   Thumb Code     0  entry5.o(.ARM.Collect$$$$00000004)
    __main_after_scatterload                 0x08000139   Thumb Code     0  entry5.o(.ARM.Collect$$$$00000004)
    _main_clock                              0x08000139   Thumb Code     0  entry7b.o(.ARM.Collect$$$$00000008)
    _main_cpp_init                           0x08000139   Thumb Code     0  entry8b.o(.ARM.Collect$$$$0000000A)
    _main_init                               0x08000139   Thumb Code     0  entry9a.o(.ARM.Collect$$$$0000000B)
    __rt_lib_shutdown_fini                   0x08000141   Thumb Code     0  entry12b.o(.ARM.Collect$$$$0000000E)
    __rt_final_cpp                           0x08000145   Thumb Code     0  entry10a.o(.ARM.Collect$$$$0000000F)
    __rt_final_exit                          0x08000145   Thumb Code     0  entry11a.o(.ARM.Collect$$$$00000011)
    Reset_Handler                            0x08000149   Thumb Code     8  startup_stm32f10x_hd.o(.text)
    ADC1_2_IRQHandler                        0x08000163   Thumb Code     0  startup_stm32f10x_hd.o(.text)
    ADC3_IRQHandler                          0x08000163   Thumb Code     0  startup_stm32f10x_hd.o(.text)
    CAN1_RX1_IRQHandler                      0x08000163   Thumb Code     0  startup_stm32f10x_hd.o(.text)
    CAN1_SCE_IRQHandler                      0x08000163   Thumb Code     0  startup_stm32f10x_hd.o(.text)
    DMA1_Channel1_IRQHandler                 0x08000163   Thumb Code     0  startup_stm32f10x_hd.o(.text)
    DMA1_Channel2_IRQHandler                 0x08000163   Thumb Code     0  startup_stm32f10x_hd.o(.text)
    DMA1_Channel3_IRQHandler                 0x08000163   Thumb Code     0  startup_stm32f10x_hd.o(.text)
    DMA1_Channel4_IRQHandler                 0x08000163   Thumb Code     0  startup_stm32f10x_hd.o(.text)
    DMA1_Channel5_IRQHandler                 0x08000163   Thumb Code     0  startup_stm32f10x_hd.o(.text)
    DMA1_Channel6_IRQHandler                 0x08000163   Thumb Code     0  startup_stm32f10x_hd.o(.text)
    DMA1_Channel7_IRQHandler                 0x08000163   Thumb Code     0  startup_stm32f10x_hd.o(.text)
    DMA2_Channel1_IRQHandler                 0x08000163   Thumb Code     0  startup_stm32f10x_hd.o(.text)
    DMA2_Channel2_IRQHandler                 0x08000163   Thumb Code     0  startup_stm32f10x_hd.o(.text)
    DMA2_Channel3_IRQHandler                 0x08000163   Thumb Code     0  startup_stm32f10x_hd.o(.text)
    DMA2_Channel4_5_IRQHandler               0x08000163   Thumb Code     0  startup_stm32f10x_hd.o(.text)
    EXTI0_IRQHandler                         0x08000163   Thumb Code     0  startup_stm32f10x_hd.o(.text)
    EXTI15_10_IRQHandler                     0x08000163   Thumb Code     0  startup_stm32f10x_hd.o(.text)
    EXTI1_IRQHandler                         0x08000163   Thumb Code     0  startup_stm32f10x_hd.o(.text)
    EXTI2_IRQHandler                         0x08000163   Thumb Code     0  startup_stm32f10x_hd.o(.text)
    EXTI3_IRQHandler                         0x08000163   Thumb Code     0  startup_stm32f10x_hd.o(.text)
    EXTI4_IRQHandler                         0x08000163   Thumb Code     0  startup_stm32f10x_hd.o(.text)
    EXTI9_5_IRQHandler                       0x08000163   Thumb Code     0  startup_stm32f10x_hd.o(.text)
    FLASH_IRQHandler                         0x08000163   Thumb Code     0  startup_stm32f10x_hd.o(.text)
    FSMC_IRQHandler                          0x08000163   Thumb Code     0  startup_stm32f10x_hd.o(.text)
    I2C1_ER_IRQHandler                       0x08000163   Thumb Code     0  startup_stm32f10x_hd.o(.text)
    I2C1_EV_IRQHandler                       0x08000163   Thumb Code     0  startup_stm32f10x_hd.o(.text)
    I2C2_ER_IRQHandler                       0x08000163   Thumb Code     0  startup_stm32f10x_hd.o(.text)
    I2C2_EV_IRQHandler                       0x08000163   Thumb Code     0  startup_stm32f10x_hd.o(.text)
    PVD_IRQHandler                           0x08000163   Thumb Code     0  startup_stm32f10x_hd.o(.text)
    RCC_IRQHandler                           0x08000163   Thumb Code     0  startup_stm32f10x_hd.o(.text)
    RTCAlarm_IRQHandler                      0x08000163   Thumb Code     0  startup_stm32f10x_hd.o(.text)
    RTC_IRQHandler                           0x08000163   Thumb Code     0  startup_stm32f10x_hd.o(.text)
    SDIO_IRQHandler                          0x08000163   Thumb Code     0  startup_stm32f10x_hd.o(.text)
    SPI1_IRQHandler                          0x08000163   Thumb Code     0  startup_stm32f10x_hd.o(.text)
    SPI2_IRQHandler                          0x08000163   Thumb Code     0  startup_stm32f10x_hd.o(.text)
    SPI3_IRQHandler                          0x08000163   Thumb Code     0  startup_stm32f10x_hd.o(.text)
    TAMPER_IRQHandler                        0x08000163   Thumb Code     0  startup_stm32f10x_hd.o(.text)
    TIM1_BRK_IRQHandler                      0x08000163   Thumb Code     0  startup_stm32f10x_hd.o(.text)
    TIM1_CC_IRQHandler                       0x08000163   Thumb Code     0  startup_stm32f10x_hd.o(.text)
    TIM1_TRG_COM_IRQHandler                  0x08000163   Thumb Code     0  startup_stm32f10x_hd.o(.text)
    TIM1_UP_IRQHandler                       0x08000163   Thumb Code     0  startup_stm32f10x_hd.o(.text)
    TIM2_IRQHandler                          0x08000163   Thumb Code     0  startup_stm32f10x_hd.o(.text)
    TIM3_IRQHandler                          0x08000163   Thumb Code     0  startup_stm32f10x_hd.o(.text)
    TIM4_IRQHandler                          0x08000163   Thumb Code     0  startup_stm32f10x_hd.o(.text)
    TIM5_IRQHandler                          0x08000163   Thumb Code     0  startup_stm32f10x_hd.o(.text)
    TIM6_IRQHandler                          0x08000163   Thumb Code     0  startup_stm32f10x_hd.o(.text)
    TIM7_IRQHandler                          0x08000163   Thumb Code     0  startup_stm32f10x_hd.o(.text)
    TIM8_BRK_IRQHandler                      0x08000163   Thumb Code     0  startup_stm32f10x_hd.o(.text)
    TIM8_CC_IRQHandler                       0x08000163   Thumb Code     0  startup_stm32f10x_hd.o(.text)
    TIM8_TRG_COM_IRQHandler                  0x08000163   Thumb Code     0  startup_stm32f10x_hd.o(.text)
    TIM8_UP_IRQHandler                       0x08000163   Thumb Code     0  startup_stm32f10x_hd.o(.text)
    UART4_IRQHandler                         0x08000163   Thumb Code     0  startup_stm32f10x_hd.o(.text)
    UART5_IRQHandler                         0x08000163   Thumb Code     0  startup_stm32f10x_hd.o(.text)
    USART1_IRQHandler                        0x08000163   Thumb Code     0  startup_stm32f10x_hd.o(.text)
    USART2_IRQHandler                        0x08000163   Thumb Code     0  startup_stm32f10x_hd.o(.text)
    USART3_IRQHandler                        0x08000163   Thumb Code     0  startup_stm32f10x_hd.o(.text)
    USBWakeUp_IRQHandler                     0x08000163   Thumb Code     0  startup_stm32f10x_hd.o(.text)
    USB_HP_CAN1_TX_IRQHandler                0x08000163   Thumb Code     0  startup_stm32f10x_hd.o(.text)
    USB_LP_CAN1_RX0_IRQHandler               0x08000163   Thumb Code     0  startup_stm32f10x_hd.o(.text)
    WWDG_IRQHandler                          0x08000163   Thumb Code     0  startup_stm32f10x_hd.o(.text)
    SystemInit                               0x0800024b   Thumb Code    78  system_stm32f10x.o(.text)
    SystemCoreClockUpdate                    0x08000299   Thumb Code   142  system_stm32f10x.o(.text)
    GPIO_DeInit                              0x0800034d   Thumb Code   172  stm32f10x_gpio.o(.text)
    GPIO_AFIODeInit                          0x080003f9   Thumb Code    20  stm32f10x_gpio.o(.text)
    GPIO_Init                                0x0800040d   Thumb Code   278  stm32f10x_gpio.o(.text)
    GPIO_StructInit                          0x08000523   Thumb Code    16  stm32f10x_gpio.o(.text)
    GPIO_ReadInputDataBit                    0x08000533   Thumb Code    18  stm32f10x_gpio.o(.text)
    GPIO_ReadInputData                       0x08000545   Thumb Code     8  stm32f10x_gpio.o(.text)
    GPIO_ReadOutputDataBit                   0x0800054d   Thumb Code    18  stm32f10x_gpio.o(.text)
    GPIO_ReadOutputData                      0x0800055f   Thumb Code     8  stm32f10x_gpio.o(.text)
    GPIO_SetBits                             0x08000567   Thumb Code     4  stm32f10x_gpio.o(.text)
    GPIO_ResetBits                           0x0800056b   Thumb Code     4  stm32f10x_gpio.o(.text)
    GPIO_WriteBit                            0x0800056f   Thumb Code    10  stm32f10x_gpio.o(.text)
    GPIO_Write                               0x08000579   Thumb Code     4  stm32f10x_gpio.o(.text)
    GPIO_PinLockConfig                       0x0800057d   Thumb Code    18  stm32f10x_gpio.o(.text)
    GPIO_EventOutputConfig                   0x0800058f   Thumb Code    26  stm32f10x_gpio.o(.text)
    GPIO_EventOutputCmd                      0x080005a9   Thumb Code     6  stm32f10x_gpio.o(.text)
    GPIO_PinRemapConfig                      0x080005af   Thumb Code   138  stm32f10x_gpio.o(.text)
    GPIO_EXTILineConfig                      0x08000639   Thumb Code    66  stm32f10x_gpio.o(.text)
    GPIO_ETH_MediaInterfaceConfig            0x0800067b   Thumb Code     8  stm32f10x_gpio.o(.text)
    RCC_DeInit                               0x080006a9   Thumb Code    64  stm32f10x_rcc.o(.text)
    RCC_HSEConfig                            0x080006e9   Thumb Code    70  stm32f10x_rcc.o(.text)
    RCC_GetFlagStatus                        0x0800072f   Thumb Code    56  stm32f10x_rcc.o(.text)
    RCC_WaitForHSEStartUp                    0x08000767   Thumb Code    56  stm32f10x_rcc.o(.text)
    RCC_AdjustHSICalibrationValue            0x0800079f   Thumb Code    20  stm32f10x_rcc.o(.text)
    RCC_HSICmd                               0x080007b3   Thumb Code     6  stm32f10x_rcc.o(.text)
    RCC_PLLConfig                            0x080007b9   Thumb Code    24  stm32f10x_rcc.o(.text)
    RCC_PLLCmd                               0x080007d1   Thumb Code     6  stm32f10x_rcc.o(.text)
    RCC_SYSCLKConfig                         0x080007d7   Thumb Code    18  stm32f10x_rcc.o(.text)
    RCC_GetSYSCLKSource                      0x080007e9   Thumb Code    10  stm32f10x_rcc.o(.text)
    RCC_HCLKConfig                           0x080007f3   Thumb Code    18  stm32f10x_rcc.o(.text)
    RCC_PCLK1Config                          0x08000805   Thumb Code    18  stm32f10x_rcc.o(.text)
    RCC_PCLK2Config                          0x08000817   Thumb Code    20  stm32f10x_rcc.o(.text)
    RCC_ITConfig                             0x0800082b   Thumb Code    26  stm32f10x_rcc.o(.text)
    RCC_USBCLKConfig                         0x08000845   Thumb Code     8  stm32f10x_rcc.o(.text)
    RCC_ADCCLKConfig                         0x0800084d   Thumb Code    18  stm32f10x_rcc.o(.text)
    RCC_LSEConfig                            0x0800085f   Thumb Code    50  stm32f10x_rcc.o(.text)
    RCC_LSICmd                               0x08000891   Thumb Code     6  stm32f10x_rcc.o(.text)
    RCC_RTCCLKConfig                         0x08000897   Thumb Code    12  stm32f10x_rcc.o(.text)
    RCC_RTCCLKCmd                            0x080008a3   Thumb Code     8  stm32f10x_rcc.o(.text)
    RCC_GetClocksFreq                        0x080008ab   Thumb Code   192  stm32f10x_rcc.o(.text)
    RCC_AHBPeriphClockCmd                    0x0800096b   Thumb Code    26  stm32f10x_rcc.o(.text)
    RCC_APB2PeriphClockCmd                   0x08000985   Thumb Code    26  stm32f10x_rcc.o(.text)
    RCC_APB1PeriphClockCmd                   0x0800099f   Thumb Code    26  stm32f10x_rcc.o(.text)
    RCC_APB2PeriphResetCmd                   0x080009b9   Thumb Code    26  stm32f10x_rcc.o(.text)
    RCC_APB1PeriphResetCmd                   0x080009d3   Thumb Code    26  stm32f10x_rcc.o(.text)
    RCC_BackupResetCmd                       0x080009ed   Thumb Code     8  stm32f10x_rcc.o(.text)
    RCC_ClockSecuritySystemCmd               0x080009f5   Thumb Code     6  stm32f10x_rcc.o(.text)
    RCC_MCOConfig                            0x080009fb   Thumb Code     6  stm32f10x_rcc.o(.text)
    RCC_ClearFlag                            0x08000a01   Thumb Code    14  stm32f10x_rcc.o(.text)
    RCC_GetITStatus                          0x08000a0f   Thumb Code    20  stm32f10x_rcc.o(.text)
    RCC_ClearITPendingBit                    0x08000a23   Thumb Code     6  stm32f10x_rcc.o(.text)
    USART_DeInit                             0x08000a4d   Thumb Code   134  stm32f10x_usart.o(.text)
    USART_Init                               0x08000ad3   Thumb Code   210  stm32f10x_usart.o(.text)
    USART_StructInit                         0x08000ba5   Thumb Code    24  stm32f10x_usart.o(.text)
    USART_ClockInit                          0x08000bbd   Thumb Code    34  stm32f10x_usart.o(.text)
    USART_ClockStructInit                    0x08000bdf   Thumb Code    12  stm32f10x_usart.o(.text)
    USART_Cmd                                0x08000beb   Thumb Code    24  stm32f10x_usart.o(.text)
    USART_ITConfig                           0x08000c03   Thumb Code    74  stm32f10x_usart.o(.text)
    USART_DMACmd                             0x08000c4d   Thumb Code    18  stm32f10x_usart.o(.text)
    USART_SetAddress                         0x08000c5f   Thumb Code    18  stm32f10x_usart.o(.text)
    USART_WakeUpConfig                       0x08000c71   Thumb Code    18  stm32f10x_usart.o(.text)
    USART_ReceiverWakeUpCmd                  0x08000c83   Thumb Code    24  stm32f10x_usart.o(.text)
    USART_LINBreakDetectLengthConfig         0x08000c9b   Thumb Code    18  stm32f10x_usart.o(.text)
    USART_LINCmd                             0x08000cad   Thumb Code    24  stm32f10x_usart.o(.text)
    USART_SendData                           0x08000cc5   Thumb Code     8  stm32f10x_usart.o(.text)
    USART_ReceiveData                        0x08000ccd   Thumb Code    10  stm32f10x_usart.o(.text)
    USART_SendBreak                          0x08000cd7   Thumb Code    10  stm32f10x_usart.o(.text)
    USART_SetGuardTime                       0x08000ce1   Thumb Code    16  stm32f10x_usart.o(.text)
    USART_SetPrescaler                       0x08000cf1   Thumb Code    16  stm32f10x_usart.o(.text)
    USART_SmartCardCmd                       0x08000d01   Thumb Code    24  stm32f10x_usart.o(.text)
    USART_SmartCardNACKCmd                   0x08000d19   Thumb Code    24  stm32f10x_usart.o(.text)
    USART_HalfDuplexCmd                      0x08000d31   Thumb Code    24  stm32f10x_usart.o(.text)
    USART_OverSampling8Cmd                   0x08000d49   Thumb Code    22  stm32f10x_usart.o(.text)
    USART_OneBitMethodCmd                    0x08000d5f   Thumb Code    24  stm32f10x_usart.o(.text)
    USART_IrDAConfig                         0x08000d77   Thumb Code    18  stm32f10x_usart.o(.text)
    USART_IrDACmd                            0x08000d89   Thumb Code    24  stm32f10x_usart.o(.text)
    USART_GetFlagStatus                      0x08000da1   Thumb Code    26  stm32f10x_usart.o(.text)
    USART_ClearFlag                          0x08000dbb   Thumb Code    18  stm32f10x_usart.o(.text)
    USART_GetITStatus                        0x08000dcd   Thumb Code    84  stm32f10x_usart.o(.text)
    USART_ClearITPendingBit                  0x08000e21   Thumb Code    52  stm32f10x_usart.o(.text)
    main                                     0x08000e55   Thumb Code   110  main.o(.text)
    NMI_Handler                              0x08000f05   Thumb Code     2  stm32f10x_it.o(.text)
    HardFault_Handler                        0x08000f07   Thumb Code     4  stm32f10x_it.o(.text)
    MemManage_Handler                        0x08000f0b   Thumb Code     4  stm32f10x_it.o(.text)
    BusFault_Handler                         0x08000f0f   Thumb Code     4  stm32f10x_it.o(.text)
    UsageFault_Handler                       0x08000f13   Thumb Code     4  stm32f10x_it.o(.text)
    SVC_Handler                              0x08000f17   Thumb Code     2  stm32f10x_it.o(.text)
    DebugMon_Handler                         0x08000f19   Thumb Code     2  stm32f10x_it.o(.text)
    PendSV_Handler                           0x08000f1b   Thumb Code     2  stm32f10x_it.o(.text)
    SysTick_Handler                          0x08000f1d   Thumb Code    46  stm32f10x_it.o(.text)
    SysTick_Init                             0x08000f51   Thumb Code   108  bsp_systick.o(.text)
    mdelay                                   0x08000fbd   Thumb Code    16  bsp_systick.o(.text)
    get_tick_count                           0x08000fcd   Thumb Code    12  bsp_systick.o(.text)
    TimingDelay_Decrement                    0x08000fd9   Thumb Code    18  bsp_systick.o(.text)
    TimeStamp_Increment                      0x08000feb   Thumb Code    12  bsp_systick.o(.text)
    MPU6050_Init                             0x0800100d   Thumb Code   146  mpu6050.o(.text)
    MPU6050_Get                              0x0800109f   Thumb Code   160  mpu6050.o(.text)
    MPU6050_calibrate                        0x0800113f   Thumb Code   212  mpu6050.o(.text)
    Set_I2C_Retry                            0x080012a3   Thumb Code     6  bsp_i2c.o(.text)
    I2C_Bus_Init                             0x080012a9   Thumb Code    18  bsp_i2c.o(.text)
    Soft_I2C_Wait_Ack                        0x080012ef   Thumb Code    82  bsp_i2c.o(.text)
    Get_I2C_Retry                            0x08001467   Thumb Code     6  bsp_i2c.o(.text)
    Sensors_I2C_WriteRegister                0x0800146d   Thumb Code    76  bsp_i2c.o(.text)
    Sensors_I2C_ReadRegister                 0x08001653   Thumb Code   102  bsp_i2c.o(.text)
    USART_Config                             0x080016b9   Thumb Code   120  bsp_usart.o(.text)
    fputc                                    0x08001731   Thumb Code    32  bsp_usart.o(.text)
    fgetc                                    0x08001751   Thumb Code    26  bsp_usart.o(.text)
    mpu_reg_dump                             0x080017ff   Thumb Code    76  inv_mpu.o(.text)
    mpu_read_reg                             0x0800184b   Thumb Code    66  inv_mpu.o(.text)
    mpu_set_int_latched                      0x0800188d   Thumb Code   102  inv_mpu.o(.text)
    mpu_set_sensors                          0x080018f3   Thumb Code   202  inv_mpu.o(.text)
    mpu_set_bypass                           0x080019bd   Thumb Code   328  inv_mpu.o(.text)
    mpu_reset_fifo                           0x08001b05   Thumb Code   456  inv_mpu.o(.text)
    mpu_configure_fifo                       0x08001ccd   Thumb Code   106  inv_mpu.o(.text)
    mpu_set_lpf                              0x08001d37   Thumb Code   126  inv_mpu.o(.text)
    mpu_lp_accel_mode                        0x08001db5   Thumb Code   218  inv_mpu.o(.text)
    mpu_set_sample_rate                      0x08001e8f   Thumb Code   152  inv_mpu.o(.text)
    mpu_set_accel_fsr                        0x08001f27   Thumb Code   132  inv_mpu.o(.text)
    mpu_set_gyro_fsr                         0x08001fab   Thumb Code   132  inv_mpu.o(.text)
    mpu_init                                 0x0800202f   Thumb Code   410  inv_mpu.o(.text)
    mpu_get_gyro_reg                         0x080021c9   Thumb Code   110  inv_mpu.o(.text)
    mpu_get_accel_reg                        0x08002237   Thumb Code   110  inv_mpu.o(.text)
    mpu_get_temperature                      0x080022a5   Thumb Code   150  inv_mpu.o(.text)
    mpu_set_accel_bias                       0x0800233b   Thumb Code   390  inv_mpu.o(.text)
    mpu_get_gyro_fsr                         0x080024c1   Thumb Code    64  inv_mpu.o(.text)
    mpu_get_accel_fsr                        0x08002501   Thumb Code    72  inv_mpu.o(.text)
    mpu_get_lpf                              0x08002549   Thumb Code    74  inv_mpu.o(.text)
    mpu_get_sample_rate                      0x08002593   Thumb Code    26  inv_mpu.o(.text)
    mpu_get_compass_sample_rate              0x080025ad   Thumb Code    10  inv_mpu.o(.text)
    mpu_set_compass_sample_rate              0x080025b7   Thumb Code     8  inv_mpu.o(.text)
    mpu_get_gyro_sens                        0x080025bf   Thumb Code    58  inv_mpu.o(.text)
    mpu_get_accel_sens                       0x080025f9   Thumb Code    78  inv_mpu.o(.text)
    mpu_get_fifo_config                      0x08002647   Thumb Code    12  inv_mpu.o(.text)
    mpu_get_power_state                      0x08002653   Thumb Code    22  inv_mpu.o(.text)
    mpu_get_int_status                       0x08002669   Thumb Code    64  inv_mpu.o(.text)
    mpu_read_fifo                            0x080026a9   Thumb Code   522  inv_mpu.o(.text)
    mpu_read_fifo_stream                     0x080028b3   Thumb Code   186  inv_mpu.o(.text)
    mpu_set_int_level                        0x0800296d   Thumb Code    12  inv_mpu.o(.text)
    mpu_set_dmp_state                        0x08003069   Thumb Code   138  inv_mpu.o(.text)
    mpu_run_self_test                        0x080030f3   Thumb Code   278  inv_mpu.o(.text)
    mpu_write_mem                            0x08003209   Thumb Code   122  inv_mpu.o(.text)
    mpu_read_mem                             0x08003283   Thumb Code   122  inv_mpu.o(.text)
    mpu_load_firmware                        0x080032fd   Thumb Code   188  inv_mpu.o(.text)
    mpu_get_dmp_state                        0x080033b9   Thumb Code    14  inv_mpu.o(.text)
    mpu_get_compass_reg                      0x080033cd   Thumb Code     8  inv_mpu.o(.text)
    mpu_get_compass_fsr                      0x080033d5   Thumb Code     8  inv_mpu.o(.text)
    mpu_lp_motion_interrupt                  0x080033dd   Thumb Code   512  inv_mpu.o(.text)
    dmp_load_motion_driver_firmware          0x080035e1   Thumb Code    20  inv_mpu_dmp_motion_driver.o(.text)
    dmp_set_orientation                      0x080035f5   Thumb Code   290  inv_mpu_dmp_motion_driver.o(.text)
    dmp_set_gyro_bias                        0x08003717   Thumb Code   294  inv_mpu_dmp_motion_driver.o(.text)
    dmp_set_accel_bias                       0x0800383d   Thumb Code   300  inv_mpu_dmp_motion_driver.o(.text)
    dmp_set_fifo_rate                        0x08003969   Thumb Code   136  inv_mpu_dmp_motion_driver.o(.text)
    dmp_get_fifo_rate                        0x080039f1   Thumb Code    12  inv_mpu_dmp_motion_driver.o(.text)
    dmp_set_tap_thresh                       0x080039fd   Thumb Code   396  inv_mpu_dmp_motion_driver.o(.text)
    dmp_set_tap_axes                         0x08003b89   Thumb Code    70  inv_mpu_dmp_motion_driver.o(.text)
    dmp_set_tap_count                        0x08003bcf   Thumb Code    38  inv_mpu_dmp_motion_driver.o(.text)
    dmp_set_tap_time                         0x08003bf5   Thumb Code    38  inv_mpu_dmp_motion_driver.o(.text)
    dmp_set_tap_time_multi                   0x08003c1b   Thumb Code    38  inv_mpu_dmp_motion_driver.o(.text)
    dmp_set_shake_reject_thresh              0x08003c41   Thumb Code    56  inv_mpu_dmp_motion_driver.o(.text)
    dmp_set_shake_reject_time                0x08003c79   Thumb Code    38  inv_mpu_dmp_motion_driver.o(.text)
    dmp_set_shake_reject_timeout             0x08003c9f   Thumb Code    38  inv_mpu_dmp_motion_driver.o(.text)
    dmp_get_pedometer_step_count             0x08003cc5   Thumb Code    66  inv_mpu_dmp_motion_driver.o(.text)
    dmp_set_pedometer_step_count             0x08003d07   Thumb Code    42  inv_mpu_dmp_motion_driver.o(.text)
    dmp_get_pedometer_walk_time              0x08003d31   Thumb Code    72  inv_mpu_dmp_motion_driver.o(.text)
    dmp_set_pedometer_walk_time              0x08003d79   Thumb Code    48  inv_mpu_dmp_motion_driver.o(.text)
    dmp_enable_6x_lp_quat                    0x08003da9   Thumb Code    84  inv_mpu_dmp_motion_driver.o(.text)
    dmp_enable_lp_quat                       0x08003dfd   Thumb Code    60  inv_mpu_dmp_motion_driver.o(.text)
    dmp_enable_gyro_cal                      0x08003e39   Thumb Code    62  inv_mpu_dmp_motion_driver.o(.text)
    dmp_enable_feature                       0x08003e77   Thumb Code   530  inv_mpu_dmp_motion_driver.o(.text)
    dmp_get_enabled_features                 0x08004089   Thumb Code    12  inv_mpu_dmp_motion_driver.o(.text)
    dmp_set_interrupt_mode                   0x080040f3   Thumb Code    66  inv_mpu_dmp_motion_driver.o(.text)
    dmp_read_fifo                            0x08004135   Thumb Code   514  inv_mpu_dmp_motion_driver.o(.text)
    dmp_register_tap_cb                      0x08004337   Thumb Code    10  inv_mpu_dmp_motion_driver.o(.text)
    dmp_register_android_orient_cb           0x08004341   Thumb Code    10  inv_mpu_dmp_motion_driver.o(.text)
    run_self_test                            0x08004351   Thumb Code   148  dmp_test.o(.text)
    inv_row_2_scale                          0x080043e5   Thumb Code    78  dmp_test.o(.text)
    inv_orientation_matrix_to_scalar         0x08004433   Thumb Code    40  dmp_test.o(.text)
    mget_ms                                  0x0800445b   Thumb Code     2  dmp_test.o(.text)
    mpu_dmp_init                             0x0800445d   Thumb Code   154  dmp_test.o(.text)
    mpu_dmp_get_data                         0x080044f7   Thumb Code   544  dmp_test.o(.text)
    DMP_test                                 0x08004717   Thumb Code    52  dmp_test.o(.text)
    __aeabi_ldivmod                          0x08004781   Thumb Code    98  ldiv.o(.text)
    __aeabi_memset                           0x080047e3   Thumb Code    14  memseta.o(.text)
    __aeabi_memset4                          0x080047e3   Thumb Code     0  memseta.o(.text)
    __aeabi_memset8                          0x080047e3   Thumb Code     0  memseta.o(.text)
    __aeabi_memclr                           0x080047f1   Thumb Code     4  memseta.o(.text)
    __aeabi_memclr4                          0x080047f1   Thumb Code     0  memseta.o(.text)
    __aeabi_memclr8                          0x080047f1   Thumb Code     0  memseta.o(.text)
    _memset$wrapper                          0x080047f5   Thumb Code    18  memseta.o(.text)
    memcmp                                   0x08004807   Thumb Code    26  memcmp.o(.text)
    __aeabi_fadd                             0x08004821   Thumb Code   164  fadd.o(.text)
    __aeabi_fsub                             0x080048c5   Thumb Code     6  fadd.o(.text)
    __aeabi_frsub                            0x080048cb   Thumb Code     6  fadd.o(.text)
    __aeabi_fmul                             0x080048d1   Thumb Code   100  fmul.o(.text)
    __aeabi_fdiv                             0x08004935   Thumb Code   124  fdiv.o(.text)
    __aeabi_dmul                             0x080049b1   Thumb Code   228  dmul.o(.text)
    __aeabi_i2f                              0x08004a95   Thumb Code    18  fflti.o(.text)
    __aeabi_ui2f                             0x08004aa7   Thumb Code    10  ffltui.o(.text)
    __aeabi_f2iz                             0x08004ab1   Thumb Code    50  ffixi.o(.text)
    __aeabi_f2uiz                            0x08004ae3   Thumb Code    40  ffixui.o(.text)
    __aeabi_f2d                              0x08004b0b   Thumb Code    38  f2d.o(.text)
    __aeabi_d2f                              0x08004b31   Thumb Code    56  d2f.o(.text)
    __aeabi_cfcmpeq                          0x08004b69   Thumb Code     0  cfcmple.o(.text)
    __aeabi_cfcmple                          0x08004b69   Thumb Code    20  cfcmple.o(.text)
    __aeabi_cfrcmple                         0x08004b7d   Thumb Code    20  cfrcmple.o(.text)
    __aeabi_uidiv                            0x08004b91   Thumb Code     0  uidiv.o(.text)
    __aeabi_uidivmod                         0x08004b91   Thumb Code    44  uidiv.o(.text)
    __aeabi_uldivmod                         0x08004bbd   Thumb Code    98  uldiv.o(.text)
    __I$use$fp                               0x08004c1f   Thumb Code     0  iusefp.o(.text)
    _float_round                             0x08004c1f   Thumb Code    18  fepilogue.o(.text)
    _float_epilogue                          0x08004c31   Thumb Code    92  fepilogue.o(.text)
    _double_round                            0x08004c8d   Thumb Code    30  depilogue.o(.text)
    _double_epilogue                         0x08004cab   Thumb Code   156  depilogue.o(.text)
    __aeabi_dadd                             0x08004d47   Thumb Code   322  dadd.o(.text)
    __aeabi_dsub                             0x08004e89   Thumb Code     6  dadd.o(.text)
    __aeabi_drsub                            0x08004e8f   Thumb Code     6  dadd.o(.text)
    __aeabi_ddiv                             0x08004e95   Thumb Code   222  ddiv.o(.text)
    __ARM_scalbn                             0x08004f73   Thumb Code    46  dscalb.o(.text)
    scalbn                                   0x08004f73   Thumb Code     0  dscalb.o(.text)
    __aeabi_d2ulz                            0x08004fa1   Thumb Code    48  dfixul.o(.text)
    __aeabi_cdcmpeq                          0x08004fd1   Thumb Code     0  cdcmple.o(.text)
    __aeabi_cdcmple                          0x08004fd1   Thumb Code    48  cdcmple.o(.text)
    __aeabi_cdrcmple                         0x08005001   Thumb Code    48  cdrcmple.o(.text)
    __scatterload                            0x08005031   Thumb Code    28  init.o(.text)
    __scatterload_rt2                        0x08005031   Thumb Code     0  init.o(.text)
    __aeabi_llsl                             0x08005055   Thumb Code    30  llshl.o(.text)
    _ll_shift_l                              0x08005055   Thumb Code     0  llshl.o(.text)
    __aeabi_llsr                             0x08005073   Thumb Code    32  llushr.o(.text)
    _ll_ushift_r                             0x08005073   Thumb Code     0  llushr.o(.text)
    __aeabi_lasr                             0x08005093   Thumb Code    36  llsshr.o(.text)
    _ll_sshift_r                             0x08005093   Thumb Code     0  llsshr.o(.text)
    _dsqrt                                   0x080050b7   Thumb Code   162  dsqrt.o(.text)
    __0printf                                0x08005159   Thumb Code    22  printfa.o(i.__0printf)
    __1printf                                0x08005159   Thumb Code     0  printfa.o(i.__0printf)
    __2printf                                0x08005159   Thumb Code     0  printfa.o(i.__0printf)
    __c89printf                              0x08005159   Thumb Code     0  printfa.o(i.__0printf)
    printf                                   0x08005159   Thumb Code     0  printfa.o(i.__0printf)
    __ARM_fpclassify                         0x08005179   Thumb Code    40  fpclassify.o(i.__ARM_fpclassify)
    __kernel_poly                            0x080051a1   Thumb Code   170  poly.o(i.__kernel_poly)
    __mathlib_dbl_infnan                     0x0800524b   Thumb Code     6  dunder.o(i.__mathlib_dbl_infnan)
    __mathlib_dbl_infnan2                    0x08005251   Thumb Code     4  dunder.o(i.__mathlib_dbl_infnan2)
    __mathlib_dbl_invalid                    0x08005255   Thumb Code    12  dunder.o(i.__mathlib_dbl_invalid)
    __mathlib_dbl_underflow                  0x08005261   Thumb Code    10  dunder.o(i.__mathlib_dbl_underflow)
    __scatterload_copy                       0x08005271   Thumb Code    14  handlers.o(i.__scatterload_copy)
    __scatterload_null                       0x0800527f   Thumb Code     2  handlers.o(i.__scatterload_null)
    __scatterload_zeroinit                   0x08005281   Thumb Code    14  handlers.o(i.__scatterload_zeroinit)
    __set_errno                              0x08005291   Thumb Code     6  errno.o(i.__set_errno)
    asin                                     0x08005b29   Thumb Code   572  asin.o(i.asin)
    atan                                     0x08005d99   Thumb Code   474  atan.o(i.atan)
    atan2                                    0x08005fb9   Thumb Code   374  atan2.o(i.atan2)
    sqrt                                     0x08006155   Thumb Code    76  sqrt.o(i.sqrt)
    reg                                      0x080061a0   Data          30  inv_mpu.o(.constdata)
    hw                                       0x080061be   Data          12  inv_mpu.o(.constdata)
    test                                     0x080061cc   Data          40  inv_mpu.o(.constdata)
    __mathlib_zero                           0x08006ed8   Data           8  qnan.o(.constdata)
    Region$$Table$$Base                      0x08006ee0   Number         0  anon$$obj.o(Region$$Table)
    Region$$Table$$Limit                     0x08006f00   Number         0  anon$$obj.o(Region$$Table)
    SystemCoreClock                          0x20000000   Data           4  system_stm32f10x.o(.data)
    AHBPrescTable                            0x20000004   Data          16  system_stm32f10x.o(.data)
    Task_Delay                               0x20000028   Data           8  stm32f10x_it.o(.data)
    g_ul_ms_ticks                            0x20000030   Data           4  bsp_systick.o(.data)
    __stdout                                 0x20000090   Data           4  stdout.o(.data)
    IIC_buf                                  0x20000098   Data          14  mpu6050.o(.bss)
    __initial_sp                             0x200004b8   Data           0  startup_stm32f10x_hd.o(STACK)



==============================================================================

Memory Map of the image

  Image Entry point : 0x08000131

  Load Region LR_IROM1 (Base: 0x08000000, Size: 0x00006f98, Max: 0x00080000, ABSOLUTE)

    Execution Region ER_IROM1 (Exec base: 0x08000000, Load base: 0x08000000, Size: 0x00006f00, Max: 0x00080000, ABSOLUTE)

    Exec Addr    Load Addr    Size         Type   Attr      Idx    E Section Name        Object

    0x08000000   0x08000000   0x00000130   Data   RO            3    RESET               startup_stm32f10x_hd.o
    0x08000130   0x08000130   0x00000000   Code   RO          630  * .ARM.Collect$$$$00000000  mc_w.l(entry.o)
    0x08000130   0x08000130   0x00000004   Code   RO          961    .ARM.Collect$$$$00000001  mc_w.l(entry2.o)
    0x08000134   0x08000134   0x00000004   Code   RO          964    .ARM.Collect$$$$00000004  mc_w.l(entry5.o)
    0x08000138   0x08000138   0x00000000   Code   RO          966    .ARM.Collect$$$$00000008  mc_w.l(entry7b.o)
    0x08000138   0x08000138   0x00000000   Code   RO          968    .ARM.Collect$$$$0000000A  mc_w.l(entry8b.o)
    0x08000138   0x08000138   0x00000008   Code   RO          969    .ARM.Collect$$$$0000000B  mc_w.l(entry9a.o)
    0x08000140   0x08000140   0x00000004   Code   RO          976    .ARM.Collect$$$$0000000E  mc_w.l(entry12b.o)
    0x08000144   0x08000144   0x00000000   Code   RO          971    .ARM.Collect$$$$0000000F  mc_w.l(entry10a.o)
    0x08000144   0x08000144   0x00000000   Code   RO          973    .ARM.Collect$$$$00000011  mc_w.l(entry11a.o)
    0x08000144   0x08000144   0x00000004   Code   RO          962    .ARM.Collect$$$$00002712  mc_w.l(entry2.o)
    0x08000148   0x08000148   0x00000024   Code   RO            4    .text               startup_stm32f10x_hd.o
    0x0800016c   0x0800016c   0x000001e0   Code   RO           24    .text               system_stm32f10x.o
    0x0800034c   0x0800034c   0x0000035c   Code   RO          269    .text               stm32f10x_gpio.o
    0x080006a8   0x080006a8   0x000003a4   Code   RO          317    .text               stm32f10x_rcc.o
    0x08000a4c   0x08000a4c   0x00000408   Code   RO          379    .text               stm32f10x_usart.o
    0x08000e54   0x08000e54   0x000000b0   Code   RO          403    .text               main.o
    0x08000f04   0x08000f04   0x0000004c   Code   RO          453    .text               stm32f10x_it.o
    0x08000f50   0x08000f50   0x000000bc   Code   RO          480    .text               bsp_systick.o
    0x0800100c   0x0800100c   0x00000244   Code   RO          499    .text               mpu6050.o
    0x08001250   0x08001250   0x00000468   Code   RO          519    .text               bsp_i2c.o
    0x080016b8   0x080016b8   0x000000bc   Code   RO          533    .text               bsp_usart.o
    0x08001774   0x08001774   0x00001e6c   Code   RO          558    .text               inv_mpu.o
    0x080035e0   0x080035e0   0x00000d70   Code   RO          580    .text               inv_mpu_dmp_motion_driver.o
    0x08004350   0x08004350   0x00000430   Code   RO          598    .text               dmp_test.o
    0x08004780   0x08004780   0x00000062   Code   RO          633    .text               mc_w.l(ldiv.o)
    0x080047e2   0x080047e2   0x00000024   Code   RO          635    .text               mc_w.l(memseta.o)
    0x08004806   0x08004806   0x0000001a   Code   RO          637    .text               mc_w.l(memcmp.o)
    0x08004820   0x08004820   0x000000b0   Code   RO          900    .text               mf_w.l(fadd.o)
    0x080048d0   0x080048d0   0x00000064   Code   RO          902    .text               mf_w.l(fmul.o)
    0x08004934   0x08004934   0x0000007c   Code   RO          904    .text               mf_w.l(fdiv.o)
    0x080049b0   0x080049b0   0x000000e4   Code   RO          906    .text               mf_w.l(dmul.o)
    0x08004a94   0x08004a94   0x00000012   Code   RO          908    .text               mf_w.l(fflti.o)
    0x08004aa6   0x08004aa6   0x0000000a   Code   RO          910    .text               mf_w.l(ffltui.o)
    0x08004ab0   0x08004ab0   0x00000032   Code   RO          912    .text               mf_w.l(ffixi.o)
    0x08004ae2   0x08004ae2   0x00000028   Code   RO          914    .text               mf_w.l(ffixui.o)
    0x08004b0a   0x08004b0a   0x00000026   Code   RO          916    .text               mf_w.l(f2d.o)
    0x08004b30   0x08004b30   0x00000038   Code   RO          918    .text               mf_w.l(d2f.o)
    0x08004b68   0x08004b68   0x00000014   Code   RO          920    .text               mf_w.l(cfcmple.o)
    0x08004b7c   0x08004b7c   0x00000014   Code   RO          922    .text               mf_w.l(cfrcmple.o)
    0x08004b90   0x08004b90   0x0000002c   Code   RO          978    .text               mc_w.l(uidiv.o)
    0x08004bbc   0x08004bbc   0x00000062   Code   RO          980    .text               mc_w.l(uldiv.o)
    0x08004c1e   0x08004c1e   0x00000000   Code   RO          989    .text               mc_w.l(iusefp.o)
    0x08004c1e   0x08004c1e   0x0000006e   Code   RO          990    .text               mf_w.l(fepilogue.o)
    0x08004c8c   0x08004c8c   0x000000ba   Code   RO          992    .text               mf_w.l(depilogue.o)
    0x08004d46   0x08004d46   0x0000014e   Code   RO          994    .text               mf_w.l(dadd.o)
    0x08004e94   0x08004e94   0x000000de   Code   RO          996    .text               mf_w.l(ddiv.o)
    0x08004f72   0x08004f72   0x0000002e   Code   RO          998    .text               mf_w.l(dscalb.o)
    0x08004fa0   0x08004fa0   0x00000030   Code   RO         1000    .text               mf_w.l(dfixul.o)
    0x08004fd0   0x08004fd0   0x00000030   Code   RO         1002    .text               mf_w.l(cdcmple.o)
    0x08005000   0x08005000   0x00000030   Code   RO         1004    .text               mf_w.l(cdrcmple.o)
    0x08005030   0x08005030   0x00000024   Code   RO         1006    .text               mc_w.l(init.o)
    0x08005054   0x08005054   0x0000001e   Code   RO         1008    .text               mc_w.l(llshl.o)
    0x08005072   0x08005072   0x00000020   Code   RO         1010    .text               mc_w.l(llushr.o)
    0x08005092   0x08005092   0x00000024   Code   RO         1012    .text               mc_w.l(llsshr.o)
    0x080050b6   0x080050b6   0x000000a2   Code   RO         1014    .text               mf_w.l(dsqrt.o)
    0x08005158   0x08005158   0x00000020   Code   RO          872    i.__0printf         mc_w.l(printfa.o)
    0x08005178   0x08005178   0x00000028   Code   RO          948    i.__ARM_fpclassify  m_ws.l(fpclassify.o)
    0x080051a0   0x080051a0   0x000000aa   Code   RO          950    i.__kernel_poly     m_ws.l(poly.o)
    0x0800524a   0x0800524a   0x00000006   Code   RO          935    i.__mathlib_dbl_infnan  m_ws.l(dunder.o)
    0x08005250   0x08005250   0x00000004   Code   RO          936    i.__mathlib_dbl_infnan2  m_ws.l(dunder.o)
    0x08005254   0x08005254   0x0000000c   Code   RO          937    i.__mathlib_dbl_invalid  m_ws.l(dunder.o)
    0x08005260   0x08005260   0x00000010   Code   RO          940    i.__mathlib_dbl_underflow  m_ws.l(dunder.o)
    0x08005270   0x08005270   0x0000000e   Code   RO         1018    i.__scatterload_copy  mc_w.l(handlers.o)
    0x0800527e   0x0800527e   0x00000002   Code   RO         1019    i.__scatterload_null  mc_w.l(handlers.o)
    0x08005280   0x08005280   0x0000000e   Code   RO         1020    i.__scatterload_zeroinit  mc_w.l(handlers.o)
    0x0800528e   0x0800528e   0x00000002   PAD
    0x08005290   0x08005290   0x0000000c   Code   RO          984    i.__set_errno       mc_w.l(errno.o)
    0x0800529c   0x0800529c   0x00000184   Code   RO          879    i._fp_digits        mc_w.l(printfa.o)
    0x08005420   0x08005420   0x000006b4   Code   RO          880    i._printf_core      mc_w.l(printfa.o)
    0x08005ad4   0x08005ad4   0x00000024   Code   RO          881    i._printf_post_padding  mc_w.l(printfa.o)
    0x08005af8   0x08005af8   0x0000002e   Code   RO          882    i._printf_pre_padding  mc_w.l(printfa.o)
    0x08005b26   0x08005b26   0x00000002   PAD
    0x08005b28   0x08005b28   0x00000270   Code   RO          613    i.asin              m_ws.l(asin.o)
    0x08005d98   0x08005d98   0x00000220   Code   RO          925    i.atan              m_ws.l(atan.o)
    0x08005fb8   0x08005fb8   0x0000019c   Code   RO          623    i.atan2             m_ws.l(atan2.o)
    0x08006154   0x08006154   0x0000004c   Code   RO          954    i.sqrt              m_ws.l(sqrt.o)
    0x080061a0   0x080061a0   0x00000054   Data   RO          559    .constdata          inv_mpu.o
    0x080061f4   0x080061f4   0x00000bf6   Data   RO          582    .constdata          inv_mpu_dmp_motion_driver.o
    0x08006dea   0x08006dea   0x00000006   PAD
    0x08006df0   0x08006df0   0x00000050   Data   RO          614    .constdata          m_ws.l(asin.o)
    0x08006e40   0x08006e40   0x00000098   Data   RO          926    .constdata          m_ws.l(atan.o)
    0x08006ed8   0x08006ed8   0x00000008   Data   RO          952    .constdata          m_ws.l(qnan.o)
    0x08006ee0   0x08006ee0   0x00000020   Data   RO         1016    Region$$Table       anon$$obj.o


    Execution Region RW_IRAM1 (Exec base: 0x20000000, Load base: 0x08006f00, Size: 0x000004b8, Max: 0x00010000, ABSOLUTE)

    Exec Addr    Load Addr    Size         Type   Attr      Idx    E Section Name        Object

    0x20000000   0x08006f00   0x00000014   Data   RW           25    .data               system_stm32f10x.o
    0x20000014   0x08006f14   0x00000014   Data   RW          318    .data               stm32f10x_rcc.o
    0x20000028   0x08006f28   0x00000008   Data   RW          454    .data               stm32f10x_it.o
    0x20000030   0x08006f30   0x00000008   Data   RW          481    .data               bsp_systick.o
    0x20000038   0x08006f38   0x00000018   Data   RW          502    .data               mpu6050.o
    0x20000050   0x08006f50   0x00000006   Data   RW          520    .data               bsp_i2c.o
    0x20000056   0x08006f56   0x00000002   PAD
    0x20000058   0x08006f58   0x0000002c   Data   RW          560    .data               inv_mpu.o
    0x20000084   0x08006f84   0x00000009   Data   RW          599    .data               dmp_test.o
    0x2000008d   0x08006f8d   0x00000003   PAD
    0x20000090   0x08006f90   0x00000004   Data   RW          977    .data               mc_w.l(stdout.o)
    0x20000094   0x08006f94   0x00000004   Data   RW          985    .data               mc_w.l(errno.o)
    0x20000098        -       0x0000000e   Zero   RW          500    .bss                mpu6050.o
    0x200000a6   0x08006f98   0x00000002   PAD
    0x200000a8        -       0x00000010   Zero   RW          581    .bss                inv_mpu_dmp_motion_driver.o
    0x200000b8        -       0x00000400   Zero   RW            1    STACK               startup_stm32f10x_hd.o


==============================================================================

Image component sizes


      Code (inc. data)   RO Data    RW Data    ZI Data      Debug   Object Name

      1128         24          0          6          0       6064   bsp_i2c.o
       188         22          0          8          0      17126   bsp_systick.o
       188         10          0          0          0       1047   bsp_usart.o
         0          0          0          0          0       4508   core_cm3.o
      1072         54          0          9          0       3704   dmp_test.o
      7788         96         84         44          0      21946   inv_mpu.o
      3440        126       3062          0         16      15443   inv_mpu_dmp_motion_driver.o
       176         66          0          0          0       2775   main.o
       580         62          0         24         14       2623   mpu6050.o
        36          8        304          0       1024        876   startup_stm32f10x_hd.o
       860         38          0          0          0       5801   stm32f10x_gpio.o
        76          6          0          8          0       2035   stm32f10x_it.o
       932         36          0         20          0       9012   stm32f10x_rcc.o
      1032         22          0          0          0       8528   stm32f10x_usart.o
       480         38          0         20          0     228395   system_stm32f10x.o

    ----------------------------------------------------------------------
     17976        608       3488        144       1056     329883   Object Totals
         0          0         32          0          0          0   (incl. Generated)
         0          0          6          5          2          0   (incl. Padding)

    ----------------------------------------------------------------------

      Code (inc. data)   RO Data    RW Data    ZI Data      Debug   Library Member Name

       624         52         80          0          0        168   asin.o
       544         70        152          0          0        124   atan.o
       412         38          0          0          0        144   atan2.o
        38          6          0          0          0        272   dunder.o
        40          0          0          0          0         68   fpclassify.o
       170          0          0          0          0         96   poly.o
         0          0          8          0          0          0   qnan.o
        76          0          0          0          0         84   sqrt.o
         0          0          0          0          0          0   entry.o
         0          0          0          0          0          0   entry10a.o
         0          0          0          0          0          0   entry11a.o
         4          0          0          0          0          0   entry12b.o
         8          4          0          0          0          0   entry2.o
         4          0          0          0          0          0   entry5.o
         0          0          0          0          0          0   entry7b.o
         0          0          0          0          0          0   entry8b.o
         8          4          0          0          0          0   entry9a.o
        12          6          0          4          0         68   errno.o
        30          0          0          0          0          0   handlers.o
        36          8          0          0          0         68   init.o
         0          0          0          0          0          0   iusefp.o
        98          0          0          0          0         84   ldiv.o
        30          0          0          0          0         68   llshl.o
        36          0          0          0          0         68   llsshr.o
        32          0          0          0          0         68   llushr.o
        26          0          0          0          0         80   memcmp.o
        36          0          0          0          0        108   memseta.o
      2218         90          0          0          0        464   printfa.o
         0          0          0          4          0          0   stdout.o
        44          0          0          0          0         80   uidiv.o
        98          0          0          0          0         92   uldiv.o
        48          0          0          0          0         68   cdcmple.o
        48          0          0          0          0         68   cdrcmple.o
        20          0          0          0          0         68   cfcmple.o
        20          0          0          0          0         68   cfrcmple.o
        56          0          0          0          0         88   d2f.o
       334          0          0          0          0        148   dadd.o
       222          0          0          0          0        100   ddiv.o
       186          0          0          0          0        176   depilogue.o
        48          0          0          0          0         68   dfixul.o
       228          0          0          0          0         96   dmul.o
        46          0          0          0          0         80   dscalb.o
       162          0          0          0          0        100   dsqrt.o
        38          0          0          0          0         68   f2d.o
       176          0          0          0          0        140   fadd.o
       124          0          0          0          0         88   fdiv.o
       110          0          0          0          0        168   fepilogue.o
        50          0          0          0          0         68   ffixi.o
        40          0          0          0          0         68   ffixui.o
        18          0          0          0          0         68   fflti.o
        10          0          0          0          0         68   ffltui.o
       100          0          0          0          0         76   fmul.o

    ----------------------------------------------------------------------
      6712        278        240          8          0       4144   Library Totals
         4          0          0          0          0          0   (incl. Padding)

    ----------------------------------------------------------------------

      Code (inc. data)   RO Data    RW Data    ZI Data      Debug   Library Name

      1904        166        240          0          0        956   m_ws.l
      2720        112          0          8          0       1248   mc_w.l
      2084          0          0          0          0       1940   mf_w.l

    ----------------------------------------------------------------------
      6712        278        240          8          0       4144   Library Totals

    ----------------------------------------------------------------------

==============================================================================


      Code (inc. data)   RO Data    RW Data    ZI Data      Debug   

     24688        886       3728        152       1056     330643   Grand Totals
     24688        886       3728        152       1056     330643   ELF Image Totals
     24688        886       3728        152          0          0   ROM Totals

==============================================================================

    Total RO  Size (Code + RO Data)                28416 (  27.75kB)
    Total RW  Size (RW Data + ZI Data)              1208 (   1.18kB)
    Total ROM Size (Code + RO Data + RW Data)      28568 (  27.90kB)

==============================================================================

